Archive member included to satisfy reference by file (symbol)

C:\Users\Zen\Documents\gcc-arm-none-eabi-10.3-2021.10\arm-none-eabi\lib\thumb\v6-m\nofp\libnosys.a(errno.o)
                              build/newlib_stubs.o (errno)
C:\Users\Zen\Documents\gcc-arm-none-eabi-10.3-2021.10\lib\gcc\arm-none-eabi\10.3.1\thumb\v6-m\nofp\libgcc.a(_divsi3.o)
                              build/lcd.o (__aeabi_idiv)
C:\Users\Zen\Documents\gcc-arm-none-eabi-10.3-2021.10\lib\gcc\arm-none-eabi\10.3.1\thumb\v6-m\nofp\libgcc.a(_dvmd_tls.o)
                              C:\Users\Zen\Documents\gcc-arm-none-eabi-10.3-2021.10\lib\gcc\arm-none-eabi\10.3.1\thumb\v6-m\nofp\libgcc.a(_divsi3.o) (__aeabi_idiv0)
C:\Users\Zen\Documents\gcc-arm-none-eabi-10.3-2021.10\lib\gcc\arm-none-eabi\10.3.1\thumb\v6-m\nofp\libgcc.a(divsf3.o)
                              build/main.o (__aeabi_fdiv)
C:\Users\Zen\Documents\gcc-arm-none-eabi-10.3-2021.10\lib\gcc\arm-none-eabi\10.3.1\thumb\v6-m\nofp\libgcc.a(mulsf3.o)
                              build/main.o (__aeabi_fmul)
C:\Users\Zen\Documents\gcc-arm-none-eabi-10.3-2021.10\lib\gcc\arm-none-eabi\10.3.1\thumb\v6-m\nofp\libgcc.a(floatsisf.o)
                              build/main.o (__aeabi_i2f)
C:\Users\Zen\Documents\gcc-arm-none-eabi-10.3-2021.10\lib\gcc\arm-none-eabi\10.3.1\thumb\v6-m\nofp\libgcc.a(extendsfdf2.o)
                              build/main.o (__aeabi_f2d)
C:\Users\Zen\Documents\gcc-arm-none-eabi-10.3-2021.10\lib\gcc\arm-none-eabi\10.3.1\thumb\v6-m\nofp\libgcc.a(_clzsi2.o)
                              C:\Users\Zen\Documents\gcc-arm-none-eabi-10.3-2021.10\lib\gcc\arm-none-eabi\10.3.1\thumb\v6-m\nofp\libgcc.a(divsf3.o) (__clzsi2)
C:\Users\Zen\Documents\gcc-arm-none-eabi-10.3-2021.10\arm-none-eabi\lib\thumb\v6-m\nofp\libc_nano.a(lib_a-nano-vfprintf_float.o)
                              (_printf_float)
C:\Users\Zen\Documents\gcc-arm-none-eabi-10.3-2021.10\arm-none-eabi\lib\thumb\v6-m\nofp\libc_nano.a(lib_a-nano-vfprintf_i.o)
                              C:\Users\Zen\Documents\gcc-arm-none-eabi-10.3-2021.10\arm-none-eabi\lib\thumb\v6-m\nofp\libc_nano.a(lib_a-nano-vfprintf_float.o) (_printf_common)
C:\Users\Zen\Documents\gcc-arm-none-eabi-10.3-2021.10\arm-none-eabi\lib\thumb\v6-m\nofp\libc_nano.a(lib_a-printf.o)
                              build/main.o (printf)
C:\Users\Zen\Documents\gcc-arm-none-eabi-10.3-2021.10\arm-none-eabi\lib\thumb\v6-m\nofp\libc_nano.a(lib_a-puts.o)
                              build/main.o (puts)
C:\Users\Zen\Documents\gcc-arm-none-eabi-10.3-2021.10\arm-none-eabi\lib\thumb\v6-m\nofp\libc_nano.a(lib_a-sprintf.o)
                              build/main.o (sprintf)
C:\Users\Zen\Documents\gcc-arm-none-eabi-10.3-2021.10\arm-none-eabi\lib\thumb\v6-m\nofp\libc_nano.a(lib_a-strlen.o)
                              build/main.o (strlen)
C:\Users\Zen\Documents\gcc-arm-none-eabi-10.3-2021.10\arm-none-eabi\lib\thumb\v6-m\nofp\libc_nano.a(lib_a-wbuf.o)
                              C:\Users\Zen\Documents\gcc-arm-none-eabi-10.3-2021.10\arm-none-eabi\lib\thumb\v6-m\nofp\libc_nano.a(lib_a-puts.o) (__swbuf_r)
C:\Users\Zen\Documents\gcc-arm-none-eabi-10.3-2021.10\arm-none-eabi\lib\thumb\v6-m\nofp\libc_nano.a(lib_a-wsetup.o)
                              C:\Users\Zen\Documents\gcc-arm-none-eabi-10.3-2021.10\arm-none-eabi\lib\thumb\v6-m\nofp\libc_nano.a(lib_a-puts.o) (__swsetup_r)
C:\Users\Zen\Documents\gcc-arm-none-eabi-10.3-2021.10\arm-none-eabi\lib\thumb\v6-m\nofp\libc_nano.a(lib_a-dtoa.o)
                              C:\Users\Zen\Documents\gcc-arm-none-eabi-10.3-2021.10\arm-none-eabi\lib\thumb\v6-m\nofp\libc_nano.a(lib_a-nano-vfprintf_float.o) (_dtoa_r)
C:\Users\Zen\Documents\gcc-arm-none-eabi-10.3-2021.10\arm-none-eabi\lib\thumb\v6-m\nofp\libc_nano.a(lib_a-fflush.o)
                              C:\Users\Zen\Documents\gcc-arm-none-eabi-10.3-2021.10\arm-none-eabi\lib\thumb\v6-m\nofp\libc_nano.a(lib_a-wbuf.o) (_fflush_r)
C:\Users\Zen\Documents\gcc-arm-none-eabi-10.3-2021.10\arm-none-eabi\lib\thumb\v6-m\nofp\libc_nano.a(lib_a-findfp.o)
                              C:\Users\Zen\Documents\gcc-arm-none-eabi-10.3-2021.10\arm-none-eabi\lib\thumb\v6-m\nofp\libc_nano.a(lib_a-printf.o) (__sinit)
C:\Users\Zen\Documents\gcc-arm-none-eabi-10.3-2021.10\arm-none-eabi\lib\thumb\v6-m\nofp\libc_nano.a(lib_a-fwalk.o)
                              C:\Users\Zen\Documents\gcc-arm-none-eabi-10.3-2021.10\arm-none-eabi\lib\thumb\v6-m\nofp\libc_nano.a(lib_a-findfp.o) (_fwalk)
C:\Users\Zen\Documents\gcc-arm-none-eabi-10.3-2021.10\arm-none-eabi\lib\thumb\v6-m\nofp\libc_nano.a(lib_a-impure.o)
                              C:\Users\Zen\Documents\gcc-arm-none-eabi-10.3-2021.10\arm-none-eabi\lib\thumb\v6-m\nofp\libc_nano.a(lib_a-fflush.o) (_global_impure_ptr)
C:\Users\Zen\Documents\gcc-arm-none-eabi-10.3-2021.10\arm-none-eabi\lib\thumb\v6-m\nofp\libc_nano.a(lib_a-localeconv.o)
[...]
Memory Configuration

Name             Origin             Length             Attributes
flash            0x08000000         0x00010000
ram              0x20000000         0x00002000
*default*        0x00000000         0xffffffff

Linker script and memory map

LOAD build/main.o
LOAD build/lcd.o
LOAD build/serial.o
LOAD build/startup.o
LOAD build/newlib_stubs.o
LOAD build/UART2.o
LOAD C:\Users\Zen\Documents\gcc-arm-none-eabi-10.3-2021.10\arm-none-eabi\lib\thumb\v6-m\nofp\libnosys.a
LOAD C:\Users\Zen\Documents\gcc-arm-none-eabi-10.3-2021.10\lib\gcc\arm-none-eabi\10.3.1\thumb\v6-m\nofp\libgcc.a
START GROUP
LOAD C:\Users\Zen\Documents\gcc-arm-none-eabi-10.3-2021.10\lib\gcc\arm-none-eabi\10.3.1\thumb\v6-m\nofp\libgcc.a
LOAD C:\Users\Zen\Documents\gcc-arm-none-eabi-10.3-2021.10\arm-none-eabi\lib\thumb\v6-m\nofp\libc_nano.a
LOAD C:\Users\Zen\Documents\gcc-arm-none-eabi-10.3-2021.10\arm-none-eabi\lib\thumb\v6-m\nofp\libm.a
END GROUP

.text           0x08000000     0x86b4
 *(.vectors)
 .vectors       0x08000000       0xb8 build/startup.o
                0x08000000                Vectors
 *(.after_vectors*)
 .after_vectors
                0x080000b8       0x28 build/startup.o
                0x080000b8                ResetInit
 *(.text*)
 .text          0x080000e0      0xb48 build/main.o
                0x08000470                Configure_Pins
                0x080005a8                init_timers
                0x08000650                TIM2_Handler
                0x08000680                calculate_capacitance
                0x080006bc                TIM6_Handler
                0x0800086c                SendATCommand
                0x080008dc                ReceptionOff
                0x08000930                main
 .text          0x08000c28      0x368 build/lcd.o
                0x08000c28                Delay_us
                0x08000c88                waitms
                0x08000cd4                LCD_pulse
                0x08000d0c                LCD_byte
                0x08000e54                WriteData
                0x08000e8a                WriteCommand
                0x08000ec4                LCD_4BIT
                0x08000f14                LCDprint
 .text          0x08000f90      0x5b4 build/serial.o
                0x08000f90                ReadCom
                0x08001004                WriteCom
                0x080010a4                initUART
                0x080011f4                USART1_Handler
                0x08001220                usart_rx
                0x08001250                usart_tx
                0x080012b8                PutBuf
                0x0800131a                GetBuf
                0x08001370                GetBufCount
                0x08001384                eputs
                0x080013c0                eputc
                0x080013de                egetc
                0x080013f8                egets
                0x08001484                egetc_echo
                0x080014aa                egets_echo
 .text          0x08001544      0x1a8 build/startup.o
                0x080015bc                initClock
                0x080016c4                EXTI2_3_Handler
                0x080016c4                TIM21_Handler
                0x080016c4                SysTick_Handler
                0x080016c4                I2C1_Handler
                0x080016c4                PendSV_Handler
                0x080016c4                NMI_Handler
                0x080016c4                WWDG_Handler
                0x080016c4                RTC_Handler
                0x080016c4                EXTI4_15_Handler
                0x080016c4                DMA_CH4_5_6_7_Handler
                0x080016c4                Default_Handler
                0x080016c4                LPUART1_Handler
                0x080016c4                FLASH_Handler
                0x080016c4                EXTI0_1_Handler
                0x080016c4                DMA_CH1_Handler
                0x080016c4                SPI2_Handler
                0x080016c4                DMA_CH2_3_Handler
                0x080016c4                I2C2_Handler
                0x080016c4                SVC_Handler
                0x080016c4                LPTIM1_Handler
                0x080016c4                SPI1_Handler
                0x080016c4                RCC_Handler
                0x080016c4                PVD_Handler
                0x080016c4                TIM22_Handler
                0x080016c4                ADC_COMP_Handler
                0x080016d8                Hard_Fault_Handler
 .text          0x080016ec      0x29c build/newlib_stubs.o
                0x080016ec                _exit
                0x080016f6                _close
                0x0800170a                _execve
                0x0800172c                _fork
                0x08001744                _fstat
                0x08001760                _getpid
                0x0800176c                _kill
                0x0800178c                _link
                0x080017ac                _lseek
                0x080017c2                _stat
                0x080017de                _times
                0x080017f2                _unlink
                0x08001810                _wait
                0x08001830                _isatty
                0x08001858                _sbrk
                0x080018bc                _read
                0x08001934                _write
 .text          0x08001988      0x5c8 build/UART2.o
                0x08001988                ReadCom2
                0x080019fc                WriteCom2
                0x08001a9c                initUART2
                0x08001be8                USART2_Handler
                0x08001c14                usart_rx2
                0x08001c44                usart_tx2
                0x08001cac                PutBuf2
                0x08001d0e                GetBuf2
                0x08001d64                GetBufCount2
                0x08001d78                eputs2
                0x08001db4                eputc2
                0x08001dd2                egetc2
                0x08001dec                egets2
                0x08001e78                ReceivedBytes2
                0x08001e90                egetc_echo2
                0x08001eb6                egets_echo2
 .text          0x08001f50        0x0 C:\Users\Zen\Documents\gcc-arm-none-eabi-10.3-2021.10\arm-none-eabi\lib\thumb\v6-m\nofp\libnosys.a(errno.o)
 .text          0x08001f50      0x1d4 C:\Users\Zen\Documents\gcc-arm-none-eabi-10.3-2021.10\lib\gcc\arm-none-eabi\10.3.1\thumb\v6-m\nofp\libgcc.a(_divsi3.o)
                0x08001f50                __divsi3
                0x08001f50                __aeabi_idiv
                0x0800211c                __aeabi_idivmod
 .text          0x08002124        0x4 C:\Users\Zen\Documents\gcc-arm-none-eabi-10.3-2021.10\lib\gcc\arm-none-eabi\10.3.1\thumb\v6-m\nofp\libgcc.a(_dvmd_tls.o)
                0x08002124                __aeabi_idiv0
                0x08002124                __aeabi_ldiv0
 .text          0x08002128      0x230 C:\Users\Zen\Documents\gcc-arm-none-eabi-10.3-2021.10\lib\gcc\arm-none-eabi\10.3.1\thumb\v6-m\nofp\libgcc.a(divsf3.o)
                0x08002128                __aeabi_fdiv
 .text          0x08002358      0x24c C:\Users\Zen\Documents\gcc-arm-none-eabi-10.3-2021.10\lib\gcc\arm-none-eabi\10.3.1\thumb\v6-m\nofp\libgcc.a(mulsf3.o)
                0x08002358                __aeabi_fmul
 .text          0x080025a4       0x9c C:\Users\Zen\Documents\gcc-arm-none-eabi-10.3-2021.10\lib\gcc\arm-none-eabi\10.3.1\thumb\v6-m\nofp\libgcc.a(floatsisf.o)
                0x080025a4                __aeabi_i2f
 .text          0x08002640       0x90 C:\Users\Zen\Documents\gcc-arm-none-eabi-10.3-2021.10\lib\gcc\arm-none-eabi\10.3.1\thumb\v6-m\nofp\libgcc.a(extendsfdf2.o)
                0x08002640                __aeabi_f2d
 .text          0x080026d0       0x3c C:\Users\Zen\Documents\gcc-arm-none-eabi-10.3-2021.10\lib\gcc\arm-none-eabi\10.3.1\thumb\v6-m\nofp\libgcc.a(_clzsi2.o)
                0x080026d0                __clzsi2
 .text          0x0800270c        0x0 C:\Users\Zen\Documents\gcc-arm-none-eabi-10.3-2021.10\arm-none-eabi\lib\thumb\v6-m\nofp\libc_nano.a(lib_a-nano-vfprintf_float.o)
 .text.__cvt    0x0800270c       0xc6 C:\Users\Zen\Documents\gcc-arm-none-eabi-10.3-2021.10\arm-none-eabi\lib\thumb\v6-m\nofp\libc_nano.a(lib_a-nano-vfprintf_float.o)
                0x0800270c                __cvt
 .text.__exponent
                0x080027d2       0x8e C:\Users\Zen\Documents\gcc-arm-none-eabi-10.3-2021.10\arm-none-eabi\lib\thumb\v6-m\nofp\libc_nano.a(lib_a-nano-vfprintf_float.o)
                0x080027d2                __exponent
 .text._printf_float
                0x08002860      0x484 C:\Users\Zen\Documents\gcc-arm-none-eabi-10.3-2021.10\arm-none-eabi\lib\thumb\v6-m\nofp\libc_nano.a(lib_a-nano-vfprintf_float.o)
                0x08002860                _printf_float
 .text          0x08002ce4        0x0 C:\Users\Zen\Documents\gcc-arm-none-eabi-10.3-2021.10\arm-none-eabi\lib\thumb\v6-m\nofp\libc_nano.a(lib_a-nano-vfprintf_i.o)
 .text._printf_common
                0x08002ce4       0xde C:\Users\Zen\Documents\gcc-arm-none-eabi-10.3-2021.10\arm-none-eabi\lib\thumb\v6-m\nofp\libc_nano.a(lib_a-nano-vfprintf_i.o)
                0x08002ce4                _printf_common
 *fill*         0x08002dc2        0x2 
 .text._printf_i
                0x08002dc4      0x224 C:\Users\Zen\Documents\gcc-arm-none-eabi-10.3-2021.10\arm-none-eabi\lib\thumb\v6-m\nofp\libc_nano.a(lib_a-nano-vfprintf_i.o)
                0x08002dc4                _printf_i
 .text          0x08002fe8        0x0 C:\Users\Zen\Documents\gcc-arm-none-eabi-10.3-2021.10\arm-none-eabi\lib\thumb\v6-m\nofp\libc_nano.a(lib_a-printf.o)
 .text._printf_r
                0x08002fe8       0x28 C:\Users\Zen\Documents\gcc-arm-none-eabi-10.3-2021.10\arm-none-eabi\lib\thumb\v6-m\nofp\libc_nano.a(lib_a-printf.o)
                0x08002fe8                _iprintf_r
                0x08002fe8                _printf_r
 .text.printf   0x08003010       0x34 C:\Users\Zen\Documents\gcc-arm-none-eabi-10.3-2021.10\arm-none-eabi\lib\thumb\v6-m\nofp\libc_nano.a(lib_a-printf.o)
                0x08003010                iprintf
                0x08003010                printf
 .text          0x08003044        0x0 C:\Users\Zen\Documents\gcc-arm-none-eabi-10.3-2021.10\arm-none-eabi\lib\thumb\v6-m\nofp\libc_nano.a(lib_a-puts.o)
 .text._puts_r  0x08003044       0xe4 C:\Users\Zen\Documents\gcc-arm-none-eabi-10.3-2021.10\arm-none-eabi\lib\thumb\v6-m\nofp\libc_nano.a(lib_a-puts.o)
                0x08003044                _puts_r
 .text.puts     0x08003128       0x14 C:\Users\Zen\Documents\gcc-arm-none-eabi-10.3-2021.10\arm-none-eabi\lib\thumb\v6-m\nofp\libc_nano.a(lib_a-puts.o)
                0x08003128                puts
 .text          0x0800313c        0x0 C:\Users\Zen\Documents\gcc-arm-none-eabi-10.3-2021.10\arm-none-eabi\lib\thumb\v6-m\nofp\libc_nano.a(lib_a-sprintf.o)
 .text._sprintf_r
                0x0800313c       0x38 C:\Users\Zen\Documents\gcc-arm-none-eabi-10.3-2021.10\arm-none-eabi\lib\thumb\v6-m\nofp\libc_nano.a(lib_a-sprintf.o)
                0x0800313c                _sprintf_r
                0x0800313c                _siprintf_r
 .text.sprintf  0x08003174       0x40 C:\Users\Zen\Documents\gcc-arm-none-eabi-10.3-2021.10\arm-none-eabi\lib\thumb\v6-m\nofp\libc_nano.a(lib_a-sprintf.o)
                0x08003174                siprintf
                0x08003174                sprintf
 .text          0x080031b4        0xe C:\Users\Zen\Documents\gcc-arm-none-eabi-10.3-2021.10\arm-none-eabi\lib\thumb\v6-m\nofp\libc_nano.a(lib_a-strlen.o)
                0x080031b4                strlen
 .text          0x080031c2        0x0 C:\Users\Zen\Documents\gcc-arm-none-eabi-10.3-2021.10\arm-none-eabi\lib\thumb\v6-m\nofp\libc_nano.a(lib_a-wbuf.o)
 *fill*         0x080031c2        0x2 
 .text.__swbuf_r
                0x080031c4       0xac C:\Users\Zen\Documents\gcc-arm-none-eabi-10.3-2021.10\arm-none-eabi\lib\thumb\v6-m\nofp\libc_nano.a(lib_a-wbuf.o)
                0x080031c4                __swbuf_r
 .text.__swbuf  0x08003270       0x14 C:\Users\Zen\Documents\gcc-arm-none-eabi-10.3-2021.10\arm-none-eabi\lib\thumb\v6-m\nofp\libc_nano.a(lib_a-wbuf.o)
                0x08003270                __swbuf
 .text          0x08003284        0x0 C:\Users\Zen\Documents\gcc-arm-none-eabi-10.3-2021.10\arm-none-eabi\lib\thumb\v6-m\nofp\libc_nano.a(lib_a-wsetup.o)
 .text.__swsetup_r
                0x08003284       0xf0 C:\Users\Zen\Documents\gcc-arm-none-eabi-10.3-2021.10\arm-none-eabi\lib\thumb\v6-m\nofp\libc_nano.a(lib_a-wsetup.o)
                0x08003284                __swsetup_r
 .text          0x08003374        0x0 C:\Users\Zen\Documents\gcc-arm-none-eabi-10.3-2021.10\arm-none-eabi\lib\thumb\v6-m\nofp\libc_nano.a(lib_a-dtoa.o)
 .text.quorem   0x08003374      0x116 C:\Users\Zen\Documents\gcc-arm-none-eabi-10.3-2021.10\arm-none-eabi\lib\thumb\v6-m\nofp\libc_nano.a(lib_a-dtoa.o)
 *fill*         0x0800348a        0x2 
 .text._dtoa_r  0x0800348c      0xc34 C:\Users\Zen\Documents\gcc-arm-none-eabi-10.3-2021.10\arm-none-eabi\lib\thumb\v6-m\nofp\libc_nano.a(lib_a-dtoa.o)
                0x0800348c                _dtoa_r
 .text          0x080040c0        0x0 C:\Users\Zen\Documents\gcc-arm-none-eabi-10.3-2021.10\arm-none-eabi\lib\thumb\v6-m\nofp\libc_nano.a(lib_a-fflush.o)
 .text.__sflush_r
                0x080040c0      0x118 C:\Users\Zen\Documents\gcc-arm-none-eabi-10.3-2021.10\arm-none-eabi\lib\thumb\v6-m\nofp\libc_nano.a(lib_a-fflush.o)
                0x080040c0                __sflush_r
 .text._fflush_r
                0x080041d8       0x80 C:\Users\Zen\Documents\gcc-arm-none-eabi-10.3-2021.10\arm-none-eabi\lib\thumb\v6-m\nofp\libc_nano.a(lib_a-fflush.o)
                0x080041d8                _fflush_r
 .text.fflush   0x08004258       0x2c C:\Users\Zen\Documents\gcc-arm-none-eabi-10.3-2021.10\arm-none-eabi\lib\thumb\v6-m\nofp\libc_nano.a(lib_a-fflush.o)
                0x08004258                fflush
 .text          0x08004284        0x0 C:\Users\Zen\Documents\gcc-arm-none-eabi-10.3-2021.10\arm-none-eabi\lib\thumb\v6-m\nofp\libc_nano.a(lib_a-findfp.o)
 .text.std      0x08004284       0x48 C:\Users\Zen\Documents\gcc-arm-none-eabi-10.3-2021.10\arm-none-eabi\lib\thumb\v6-m\nofp\libc_nano.a(lib_a-findfp.o)
 .text._cleanup_r
                0x080042cc       0x10 C:\Users\Zen\Documents\gcc-arm-none-eabi-10.3-2021.10\arm-none-eabi\lib\thumb\v6-m\nofp\libc_nano.a(lib_a-findfp.o)
                0x080042cc                _cleanup_r
 .text.__fp_lock
                0x080042dc       0x18 C:\Users\Zen\Documents\gcc-arm-none-eabi-10.3-2021.10\arm-none-eabi\lib\thumb\v6-m\nofp\libc_nano.a(lib_a-findfp.o)
 .text.__fp_unlock
                0x080042f4       0x18 C:\Users\Zen\Documents\gcc-arm-none-eabi-10.3-2021.10\arm-none-eabi\lib\thumb\v6-m\nofp\libc_nano.a(lib_a-findfp.o)
 .text.__sfmoreglue
                0x0800430c       0x2c C:\Users\Zen\Documents\gcc-arm-none-eabi-10.3-2021.10\arm-none-eabi\lib\thumb\v6-m\nofp\libc_nano.a(lib_a-findfp.o)
                0x0800430c                __sfmoreglue
 .text._cleanup
                0x08004338       0x10 C:\Users\Zen\Documents\gcc-arm-none-eabi-10.3-2021.10\arm-none-eabi\lib\thumb\v6-m\nofp\libc_nano.a(lib_a-findfp.o)
                0x08004338                _cleanup
 .text.__sfp_lock_acquire
                0x08004348       0x10 C:\Users\Zen\Documents\gcc-arm-none-eabi-10.3-2021.10\arm-none-eabi\lib\thumb\v6-m\nofp\libc_nano.a(lib_a-findfp.o)
                0x08004348                __sfp_lock_acquire
 .text.__sfp_lock_release
                0x08004358       0x10 C:\Users\Zen\Documents\gcc-arm-none-eabi-10.3-2021.10\arm-none-eabi\lib\thumb\v6-m\nofp\libc_nano.a(lib_a-findfp.o)
                0x08004358                __sfp_lock_release
 .text.__sinit_lock_acquire
                0x08004368       0x10 C:\Users\Zen\Documents\gcc-arm-none-eabi-10.3-2021.10\arm-none-eabi\lib\thumb\v6-m\nofp\libc_nano.a(lib_a-findfp.o)
                0x08004368                __sinit_lock_acquire
 .text.__sinit_lock_release
                0x08004378       0x10 C:\Users\Zen\Documents\gcc-arm-none-eabi-10.3-2021.10\arm-none-eabi\lib\thumb\v6-m\nofp\libc_nano.a(lib_a-findfp.o)
                0x08004378                __sinit_lock_release
 .text.__sinit  0x08004388       0x70 C:\Users\Zen\Documents\gcc-arm-none-eabi-10.3-2021.10\arm-none-eabi\lib\thumb\v6-m\nofp\libc_nano.a(lib_a-findfp.o)
                0x08004388                __sinit
 .text.__sfp    0x080043f8       0x90 C:\Users\Zen\Documents\gcc-arm-none-eabi-10.3-2021.10\arm-none-eabi\lib\thumb\v6-m\nofp\libc_nano.a(lib_a-findfp.o)
                0x080043f8                __sfp
 .text.__fp_lock_all
                0x08004488       0x1c C:\Users\Zen\Documents\gcc-arm-none-eabi-10.3-2021.10\arm-none-eabi\lib\thumb\v6-m\nofp\libc_nano.a(lib_a-findfp.o)
                0x08004488                __fp_lock_all
 .text.__fp_unlock_all
                0x080044a4       0x1c C:\Users\Zen\Documents\gcc-arm-none-eabi-10.3-2021.10\arm-none-eabi\lib\thumb\v6-m\nofp\libc_nano.a(lib_a-findfp.o)
                0x080044a4                __fp_unlock_all
 .text          0x080044c0        0x0 C:\Users\Zen\Documents\gcc-arm-none-eabi-10.3-2021.10\arm-none-eabi\lib\thumb\v6-m\nofp\libc_nano.a(lib_a-fwalk.o)
 .text._fwalk   0x080044c0       0x36 C:\Users\Zen\Documents\gcc-arm-none-eabi-10.3-2021.10\arm-none-eabi\lib\thumb\v6-m\nofp\libc_nano.a(lib_a-fwalk.o)
                0x080044c0                _fwalk
 .text._fwalk_reent
                0x080044f6       0x40 C:\Users\Zen\Documents\gcc-arm-none-eabi-10.3-2021.10\arm-none-eabi\lib\thumb\v6-m\nofp\libc_nano.a(lib_a-fwalk.o)
                0x080044f6                _fwalk_reent
 .text          0x08004536        0x0 C:\Users\Zen\Documents\gcc-arm-none-eabi-10.3-2021.10\arm-none-eabi\lib\thumb\v6-m\nofp\libc_nano.a(lib_a-impure.o)
 .text          0x08004536        0x0 C:\Users\Zen\Documents\gcc-arm-none-eabi-10.3-2021.10\arm-none-eabi\lib\thumb\v6-m\nofp\libc_nano.a(lib_a-localeconv.o)
 .text.__localeconv_l
                0x08004536        0x4 C:\Users\Zen\Documents\gcc-arm-none-eabi-10.3-2021.10\arm-none-eabi\lib\thumb\v6-m\nofp\libc_nano.a(lib_a-localeconv.o)
                0x08004536                __localeconv_l
 *fill*         0x0800453a        0x2 
 .text._localeconv_r
                0x0800453c        0x8 C:\Users\Zen\Documents\gcc-arm-none-eabi-10.3-2021.10\arm-none-eabi\lib\thumb\v6-m\nofp\libc_nano.a(lib_a-localeconv.o)
                0x0800453c                _localeconv_r
 .text.localeconv
                0x08004544        0x8 C:\Users\Zen\Documents\gcc-arm-none-eabi-10.3-2021.10\arm-none-eabi\lib\thumb\v6-m\nofp\libc_nano.a(lib_a-localeconv.o)
                0x08004544                localeconv
 .text          0x0800454c        0x0 C:\Users\Zen\Documents\gcc-arm-none-eabi-10.3-2021.10\arm-none-eabi\lib\thumb\v6-m\nofp\libc_nano.a(lib_a-lock.o)
 .text.__retarget_lock_init
                0x0800454c        0x2 C:\Users\Zen\Documents\gcc-arm-none-eabi-10.3-2021.10\arm-none-eabi\lib\thumb\v6-m\nofp\libc_nano.a(lib_a-lock.o)
                0x0800454c                __retarget_lock_init
 .text.__retarget_lock_init_recursive
                0x0800454e        0x2 C:\Users\Zen\Documents\gcc-arm-none-eabi-10.3-2021.10\arm-none-eabi\lib\thumb\v6-m\nofp\libc_nano.a(lib_a-lock.o)
                0x0800454e                __retarget_lock_init_recursive
 .text.__retarget_lock_close
                0x08004550        0x2 C:\Users\Zen\Documents\gcc-arm-none-eabi-10.3-2021.10\arm-none-eabi\lib\thumb\v6-m\nofp\libc_nano.a(lib_a-lock.o)
                0x08004550                __retarget_lock_close
 .text.__retarget_lock_close_recursive
                0x08004552        0x2 C:\Users\Zen\Documents\gcc-arm-none-eabi-10.3-2021.10\arm-none-eabi\lib\thumb\v6-m\nofp\libc_nano.a(lib_a-lock.o)
                0x08004552                __retarget_lock_close_recursive
 .text.__retarget_lock_acquire
                0x08004554        0x2 C:\Users\Zen\Documents\gcc-arm-none-eabi-10.3-2021.10\arm-none-eabi\lib\thumb\v6-m\nofp\libc_nano.a(lib_a-lock.o)
                0x08004554                __retarget_lock_acquire
 .text.__retarget_lock_acquire_recursive
                0x08004556        0x2 C:\Users\Zen\Documents\gcc-arm-none-eabi-10.3-2021.10\arm-none-eabi\lib\thumb\v6-m\nofp\libc_nano.a(lib_a-lock.o)
                0x08004556                __retarget_lock_acquire_recursive
 .text.__retarget_lock_try_acquire
                0x08004558        0x4 C:\Users\Zen\Documents\gcc-arm-none-eabi-10.3-2021.10\arm-none-eabi\lib\thumb\v6-m\nofp\libc_nano.a(lib_a-lock.o)
                0x08004558                __retarget_lock_try_acquire
 .text.__retarget_lock_try_acquire_recursive
                0x0800455c        0x4 C:\Users\Zen\Documents\gcc-arm-none-eabi-10.3-2021.10\arm-none-eabi\lib\thumb\v6-m\nofp\libc_nano.a(lib_a-lock.o)
                0x0800455c                __retarget_lock_try_acquire_recursive
 .text.__retarget_lock_release
                0x08004560        0x2 C:\Users\Zen\Documents\gcc-arm-none-eabi-10.3-2021.10\arm-none-eabi\lib\thumb\v6-m\nofp\libc_nano.a(lib_a-lock.o)
                0x08004560                __retarget_lock_release
 .text.__retarget_lock_release_recursive
                0x08004562        0x2 C:\Users\Zen\Documents\gcc-arm-none-eabi-10.3-2021.10\arm-none-eabi\lib\thumb\v6-m\nofp\libc_nano.a(lib_a-lock.o)
                0x08004562                __retarget_lock_release_recursive
 .text          0x08004564        0x0 C:\Users\Zen\Documents\gcc-arm-none-eabi-10.3-2021.10\arm-none-eabi\lib\thumb\v6-m\nofp\libc_nano.a(lib_a-makebuf.o)
 .text.__swhatbuf_r
                0x08004564       0x50 C:\Users\Zen\Documents\gcc-arm-none-eabi-10.3-2021.10\arm-none-eabi\lib\thumb\v6-m\nofp\libc_nano.a(lib_a-makebuf.o)
                0x08004564                __swhatbuf_r
 .text.__smakebuf_r
                0x080045b4       0x88 C:\Users\Zen\Documents\gcc-arm-none-eabi-10.3-2021.10\arm-none-eabi\lib\thumb\v6-m\nofp\libc_nano.a(lib_a-makebuf.o)
                0x080045b4                __smakebuf_r
 .text          0x0800463c        0x0 C:\Users\Zen\Documents\gcc-arm-none-eabi-10.3-2021.10\arm-none-eabi\lib\thumb\v6-m\nofp\libc_nano.a(lib_a-malloc.o)
 .text.malloc   0x0800463c       0x14 C:\Users\Zen\Documents\gcc-arm-none-eabi-10.3-2021.10\arm-none-eabi\lib\thumb\v6-m\nofp\libc_nano.a(lib_a-malloc.o)
                0x0800463c                malloc
 .text.free     0x08004650       0x14 C:\Users\Zen\Documents\gcc-arm-none-eabi-10.3-2021.10\arm-none-eabi\lib\thumb\v6-m\nofp\libc_nano.a(lib_a-malloc.o)
                0x08004650                free
 .text          0x08004664        0x0 C:\Users\Zen\Documents\gcc-arm-none-eabi-10.3-2021.10\arm-none-eabi\lib\thumb\v6-m\nofp\libc_nano.a(lib_a-memchr-stub.o)
 .text.memchr   0x08004664       0x16 C:\Users\Zen\Documents\gcc-arm-none-eabi-10.3-2021.10\arm-none-eabi\lib\thumb\v6-m\nofp\libc_nano.a(lib_a-memchr-stub.o)
                0x08004664                memchr
 .text          0x0800467a        0x0 C:\Users\Zen\Documents\gcc-arm-none-eabi-10.3-2021.10\arm-none-eabi\lib\thumb\v6-m\nofp\libc_nano.a(lib_a-memcpy-stub.o)
 .text.memcpy   0x0800467a       0x12 C:\Users\Zen\Documents\gcc-arm-none-eabi-10.3-2021.10\arm-none-eabi\lib\thumb\v6-m\nofp\libc_nano.a(lib_a-memcpy-stub.o)
                0x0800467a                memcpy
 .text          0x0800468c        0x0 C:\Users\Zen\Documents\gcc-arm-none-eabi-10.3-2021.10\arm-none-eabi\lib\thumb\v6-m\nofp\libc_nano.a(lib_a-memset.o)
 .text.memset   0x0800468c       0x10 C:\Users\Zen\Documents\gcc-arm-none-eabi-10.3-2021.10\arm-none-eabi\lib\thumb\v6-m\nofp\libc_nano.a(lib_a-memset.o)
                0x0800468c                memset
 .text          0x0800469c        0x0 C:\Users\Zen\Documents\gcc-arm-none-eabi-10.3-2021.10\arm-none-eabi\lib\thumb\v6-m\nofp\libc_nano.a(lib_a-mprec.o)
 .text._Balloc  0x0800469c       0x88 C:\Users\Zen\Documents\gcc-arm-none-eabi-10.3-2021.10\arm-none-eabi\lib\thumb\v6-m\nofp\libc_nano.a(lib_a-mprec.o)
                0x0800469c                _Balloc
 .text._Bfree   0x08004724       0x48 C:\Users\Zen\Documents\gcc-arm-none-eabi-10.3-2021.10\arm-none-eabi\lib\thumb\v6-m\nofp\libc_nano.a(lib_a-mprec.o)
                0x08004724                _Bfree
 .text.__multadd
                0x0800476c       0x88 C:\Users\Zen\Documents\gcc-arm-none-eabi-10.3-2021.10\arm-none-eabi\lib\thumb\v6-m\nofp\libc_nano.a(lib_a-mprec.o)
                0x0800476c                __multadd
 .text.__s2b    0x080047f4       0x98 C:\Users\Zen\Documents\gcc-arm-none-eabi-10.3-2021.10\arm-none-eabi\lib\thumb\v6-m\nofp\libc_nano.a(lib_a-mprec.o)
                0x080047f4                __s2b
 .text.__hi0bits
                0x0800488c       0x34 C:\Users\Zen\Documents\gcc-arm-none-eabi-10.3-2021.10\arm-none-eabi\lib\thumb\v6-m\nofp\libc_nano.a(lib_a-mprec.o)
                0x0800488c                __hi0bits
 .text.__lo0bits
                0x080048c0       0x5c C:\Users\Zen\Documents\gcc-arm-none-eabi-10.3-2021.10\arm-none-eabi\lib\thumb\v6-m\nofp\libc_nano.a(lib_a-mprec.o)
                0x080048c0                __lo0bits
 .text.__i2b    0x0800491c       0x2c C:\Users\Zen\Documents\gcc-arm-none-eabi-10.3-2021.10\arm-none-eabi\lib\thumb\v6-m\nofp\libc_nano.a(lib_a-mprec.o)
                0x0800491c                __i2b
 .text.__multiply
                0x08004948      0x160 C:\Users\Zen\Documents\gcc-arm-none-eabi-10.3-2021.10\arm-none-eabi\lib\thumb\v6-m\nofp\libc_nano.a(lib_a-mprec.o)
                0x08004948                __multiply
 .text.__pow5mult
                0x08004aa8       0xb8 C:\Users\Zen\Documents\gcc-arm-none-eabi-10.3-2021.10\arm-none-eabi\lib\thumb\v6-m\nofp\libc_nano.a(lib_a-mprec.o)
                0x08004aa8                __pow5mult
 .text.__lshift
                0x08004b60       0xdc C:\Users\Zen\Documents\gcc-arm-none-eabi-10.3-2021.10\arm-none-eabi\lib\thumb\v6-m\nofp\libc_nano.a(lib_a-mprec.o)
                0x08004b60                __lshift
 .text.__mcmp   0x08004c3c       0x36 C:\Users\Zen\Documents\gcc-arm-none-eabi-10.3-2021.10\arm-none-eabi\lib\thumb\v6-m\nofp\libc_nano.a(lib_a-mprec.o)
                0x08004c3c                __mcmp
 *fill*         0x08004c72        0x2 
 .text.__mdiff  0x08004c74      0x130 C:\Users\Zen\Documents\gcc-arm-none-eabi-10.3-2021.10\arm-none-eabi\lib\thumb\v6-m\nofp\libc_nano.a(lib_a-mprec.o)
                0x08004c74                __mdiff
 .text.__ulp    0x08004da4       0x48 C:\Users\Zen\Documents\gcc-arm-none-eabi-10.3-2021.10\arm-none-eabi\lib\thumb\v6-m\nofp\libc_nano.a(lib_a-mprec.o)
                0x08004da4                __ulp
 .text.__b2d    0x08004dec       0xa0 C:\Users\Zen\Documents\gcc-arm-none-eabi-10.3-2021.10\arm-none-eabi\lib\thumb\v6-m\nofp\libc_nano.a(lib_a-mprec.o)
                0x08004dec                __b2d
 .text.__d2b    0x08004e8c       0xc8 C:\Users\Zen\Documents\gcc-arm-none-eabi-10.3-2021.10\arm-none-eabi\lib\thumb\v6-m\nofp\libc_nano.a(lib_a-mprec.o)
                0x08004e8c                __d2b
 .text.__ratio  0x08004f54       0x52 C:\Users\Zen\Documents\gcc-arm-none-eabi-10.3-2021.10\arm-none-eabi\lib\thumb\v6-m\nofp\libc_nano.a(lib_a-mprec.o)
                0x08004f54                __ratio
 *fill*         0x08004fa6        0x2 
 .text._mprec_log10
                0x08004fa8       0x34 C:\Users\Zen\Documents\gcc-arm-none-eabi-10.3-2021.10\arm-none-eabi\lib\thumb\v6-m\nofp\libc_nano.a(lib_a-mprec.o)
                0x08004fa8                _mprec_log10
 .text.__copybits
                0x08004fdc       0x42 C:\Users\Zen\Documents\gcc-arm-none-eabi-10.3-2021.10\arm-none-eabi\lib\thumb\v6-m\nofp\libc_nano.a(lib_a-mprec.o)
                0x08004fdc                __copybits
 .text.__any_on
                0x0800501e       0x46 C:\Users\Zen\Documents\gcc-arm-none-eabi-10.3-2021.10\arm-none-eabi\lib\thumb\v6-m\nofp\libc_nano.a(lib_a-mprec.o)
                0x0800501e                __any_on
 .text          0x08005064        0x0 C:\Users\Zen\Documents\gcc-arm-none-eabi-10.3-2021.10\arm-none-eabi\lib\thumb\v6-m\nofp\libc_nano.a(lib_a-nano-callocr.o)
 .text._calloc_r
                0x08005064       0x58 C:\Users\Zen\Documents\gcc-arm-none-eabi-10.3-2021.10\arm-none-eabi\lib\thumb\v6-m\nofp\libc_nano.a(lib_a-nano-callocr.o)
                0x08005064                _calloc_r
 .text          0x080050bc        0x0 C:\Users\Zen\Documents\gcc-arm-none-eabi-10.3-2021.10\arm-none-eabi\lib\thumb\v6-m\nofp\libc_nano.a(lib_a-nano-freer.o)
 .text._free_r  0x080050bc       0x94 C:\Users\Zen\Documents\gcc-arm-none-eabi-10.3-2021.10\arm-none-eabi\lib\thumb\v6-m\nofp\libc_nano.a(lib_a-nano-freer.o)
                0x080050bc                _free_r
 .text          0x08005150        0x0 C:\Users\Zen\Documents\gcc-arm-none-eabi-10.3-2021.10\arm-none-eabi\lib\thumb\v6-m\nofp\libc_nano.a(lib_a-nano-mallocr.o)
 .text.sbrk_aligned
                0x08005150       0x44 C:\Users\Zen\Documents\gcc-arm-none-eabi-10.3-2021.10\arm-none-eabi\lib\thumb\v6-m\nofp\libc_nano.a(lib_a-nano-mallocr.o)
 .text._malloc_r
                0x08005194       0xec C:\Users\Zen\Documents\gcc-arm-none-eabi-10.3-2021.10\arm-none-eabi\lib\thumb\v6-m\nofp\libc_nano.a(lib_a-nano-mallocr.o)
                0x08005194                _malloc_r
 .text          0x08005280        0x0 C:\Users\Zen\Documents\gcc-arm-none-eabi-10.3-2021.10\arm-none-eabi\lib\thumb\v6-m\nofp\libc_nano.a(lib_a-nano-svfprintf.o)
 .text.__ssputs_r
                0x08005280       0xc4 C:\Users\Zen\Documents\gcc-arm-none-eabi-10.3-2021.10\arm-none-eabi\lib\thumb\v6-m\nofp\libc_nano.a(lib_a-nano-svfprintf.o)
                0x08005280                __ssputs_r
 .text.__ssprint_r
                0x08005344      0x100 C:\Users\Zen\Documents\gcc-arm-none-eabi-10.3-2021.10\arm-none-eabi\lib\thumb\v6-m\nofp\libc_nano.a(lib_a-nano-svfprintf.o)
                0x08005344                __ssprint_r
 .text._svfprintf_r
                0x08005444      0x200 C:\Users\Zen\Documents\gcc-arm-none-eabi-10.3-2021.10\arm-none-eabi\lib\thumb\v6-m\nofp\libc_nano.a(lib_a-nano-svfprintf.o)
                0x08005444                _svfiprintf_r
                0x08005444                _svfprintf_r
 .text          0x08005644        0x0 C:\Users\Zen\Documents\gcc-arm-none-eabi-10.3-2021.10\arm-none-eabi\lib\thumb\v6-m\nofp\libc_nano.a(lib_a-nano-vfprintf.o)
 .text.__sfputc_r
                0x08005644       0x2a C:\Users\Zen\Documents\gcc-arm-none-eabi-10.3-2021.10\arm-none-eabi\lib\thumb\v6-m\nofp\libc_nano.a(lib_a-nano-vfprintf.o)
 .text.__sfputs_r
                0x0800566e       0x24 C:\Users\Zen\Documents\gcc-arm-none-eabi-10.3-2021.10\arm-none-eabi\lib\thumb\v6-m\nofp\libc_nano.a(lib_a-nano-vfprintf.o)
                0x0800566e                __sfputs_r
 .text.__sprint_r
                0x08005692       0x1c C:\Users\Zen\Documents\gcc-arm-none-eabi-10.3-2021.10\arm-none-eabi\lib\thumb\v6-m\nofp\libc_nano.a(lib_a-nano-vfprintf.o)
                0x08005692                __sprint_r
 *fill*         0x080056ae        0x2 
 .text._vfprintf_r
                0x080056b0      0x274 C:\Users\Zen\Documents\gcc-arm-none-eabi-10.3-2021.10\arm-none-eabi\lib\thumb\v6-m\nofp\libc_nano.a(lib_a-nano-vfprintf.o)
                0x080056b0                _vfprintf_r
                0x080056b0                _vfiprintf_r
 .text.vfprintf
                0x08005924       0x18 C:\Users\Zen\Documents\gcc-arm-none-eabi-10.3-2021.10\arm-none-eabi\lib\thumb\v6-m\nofp\libc_nano.a(lib_a-nano-vfprintf.o)
                0x08005924                vfprintf
                0x08005924                vfiprintf
 .text          0x0800593c        0x0 C:\Users\Zen\Documents\gcc-arm-none-eabi-10.3-2021.10\arm-none-eabi\lib\thumb\v6-m\nofp\libc_nano.a(lib_a-sbrkr.o)
 .text._sbrk_r  0x0800593c       0x24 C:\Users\Zen\Documents\gcc-arm-none-eabi-10.3-2021.10\arm-none-eabi\lib\thumb\v6-m\nofp\libc_nano.a(lib_a-sbrkr.o)
                0x0800593c                _sbrk_r
 .text          0x08005960        0x0 C:\Users\Zen\Documents\gcc-arm-none-eabi-10.3-2021.10\arm-none-eabi\lib\thumb\v6-m\nofp\libc_nano.a(lib_a-stdio.o)
 .text.__sread  0x08005960       0x28 C:\Users\Zen\Documents\gcc-arm-none-eabi-10.3-2021.10\arm-none-eabi\lib\thumb\v6-m\nofp\libc_nano.a(lib_a-stdio.o)
                0x08005960                __sread
 .text.__seofread
                0x08005988        0x4 C:\Users\Zen\Documents\gcc-arm-none-eabi-10.3-2021.10\arm-none-eabi\lib\thumb\v6-m\nofp\libc_nano.a(lib_a-stdio.o)
                0x08005988                __seofread
 .text.__swrite
                0x0800598c       0x38 C:\Users\Zen\Documents\gcc-arm-none-eabi-10.3-2021.10\arm-none-eabi\lib\thumb\v6-m\nofp\libc_nano.a(lib_a-stdio.o)
                0x0800598c                __swrite
 .text.__sseek  0x080059c4       0x2c C:\Users\Zen\Documents\gcc-arm-none-eabi-10.3-2021.10\arm-none-eabi\lib\thumb\v6-m\nofp\libc_nano.a(lib_a-stdio.o)
                0x080059c4                __sseek
 .text.__sclose
                0x080059f0        0xc C:\Users\Zen\Documents\gcc-arm-none-eabi-10.3-2021.10\arm-none-eabi\lib\thumb\v6-m\nofp\libc_nano.a(lib_a-stdio.o)
                0x080059f0                __sclose
 .text          0x080059fc        0x0 C:\Users\Zen\Documents\gcc-arm-none-eabi-10.3-2021.10\arm-none-eabi\lib\thumb\v6-m\nofp\libc_nano.a(lib_a-writer.o)
 .text._write_r
                0x080059fc       0x28 C:\Users\Zen\Documents\gcc-arm-none-eabi-10.3-2021.10\arm-none-eabi\lib\thumb\v6-m\nofp\libc_nano.a(lib_a-writer.o)
                0x080059fc                _write_r
 .text          0x08005a24        0x0 C:\Users\Zen\Documents\gcc-arm-none-eabi-10.3-2021.10\arm-none-eabi\lib\thumb\v6-m\nofp\libc_nano.a(lib_a-assert.o)
 .text.__assert_func
                0x08005a24       0x3c C:\Users\Zen\Documents\gcc-arm-none-eabi-10.3-2021.10\arm-none-eabi\lib\thumb\v6-m\nofp\libc_nano.a(lib_a-assert.o)
                0x08005a24                __assert_func
 .text.__assert
                0x08005a60        0xa C:\Users\Zen\Documents\gcc-arm-none-eabi-10.3-2021.10\arm-none-eabi\lib\thumb\v6-m\nofp\libc_nano.a(lib_a-assert.o)
                0x08005a60                __assert
 .text          0x08005a6a        0x0 C:\Users\Zen\Documents\gcc-arm-none-eabi-10.3-2021.10\arm-none-eabi\lib\thumb\v6-m\nofp\libc_nano.a(lib_a-closer.o)
 *fill*         0x08005a6a        0x2 
 .text._close_r
                0x08005a6c       0x24 C:\Users\Zen\Documents\gcc-arm-none-eabi-10.3-2021.10\arm-none-eabi\lib\thumb\v6-m\nofp\libc_nano.a(lib_a-closer.o)
                0x08005a6c                _close_r
 .text          0x08005a90        0x0 C:\Users\Zen\Documents\gcc-arm-none-eabi-10.3-2021.10\arm-none-eabi\lib\thumb\v6-m\nofp\libc_nano.a(lib_a-fprintf.o)
 .text._fprintf_r
                0x08005a90       0x16 C:\Users\Zen\Documents\gcc-arm-none-eabi-10.3-2021.10\arm-none-eabi\lib\thumb\v6-m\nofp\libc_nano.a(lib_a-fprintf.o)
                0x08005a90                _fiprintf_r
                0x08005a90                _fprintf_r
 *fill*         0x08005aa6        0x2 
 .text.fprintf  0x08005aa8       0x20 C:\Users\Zen\Documents\gcc-arm-none-eabi-10.3-2021.10\arm-none-eabi\lib\thumb\v6-m\nofp\libc_nano.a(lib_a-fprintf.o)
                0x08005aa8                fiprintf
                0x08005aa8                fprintf
 .text          0x08005ac8        0x0 C:\Users\Zen\Documents\gcc-arm-none-eabi-10.3-2021.10\arm-none-eabi\lib\thumb\v6-m\nofp\libc_nano.a(lib_a-fstatr.o)
 .text._fstat_r
                0x08005ac8       0x24 C:\Users\Zen\Documents\gcc-arm-none-eabi-10.3-2021.10\arm-none-eabi\lib\thumb\v6-m\nofp\libc_nano.a(lib_a-fstatr.o)
                0x08005ac8                _fstat_r
 .text          0x08005aec        0x0 C:\Users\Zen\Documents\gcc-arm-none-eabi-10.3-2021.10\arm-none-eabi\lib\thumb\v6-m\nofp\libc_nano.a(lib_a-fvwrite.o)
 .text.__sfvwrite_r
                0x08005aec      0x2d0 C:\Users\Zen\Documents\gcc-arm-none-eabi-10.3-2021.10\arm-none-eabi\lib\thumb\v6-m\nofp\libc_nano.a(lib_a-fvwrite.o)
                0x08005aec                __sfvwrite_r
 .text          0x08005dbc        0x0 C:\Users\Zen\Documents\gcc-arm-none-eabi-10.3-2021.10\arm-none-eabi\lib\thumb\v6-m\nofp\libc_nano.a(lib_a-isattyr.o)
 .text._isatty_r
                0x08005dbc       0x24 C:\Users\Zen\Documents\gcc-arm-none-eabi-10.3-2021.10\arm-none-eabi\lib\thumb\v6-m\nofp\libc_nano.a(lib_a-isattyr.o)
                0x08005dbc                _isatty_r
 .text          0x08005de0        0x0 C:\Users\Zen\Documents\gcc-arm-none-eabi-10.3-2021.10\arm-none-eabi\lib\thumb\v6-m\nofp\libc_nano.a(lib_a-locale.o)
 .text._setlocale_r
                0x08005de0       0x40 C:\Users\Zen\Documents\gcc-arm-none-eabi-10.3-2021.10\arm-none-eabi\lib\thumb\v6-m\nofp\libc_nano.a(lib_a-locale.o)
                0x08005de0                _setlocale_r
 .text.__locale_mb_cur_max
                0x08005e20       0x10 C:\Users\Zen\Documents\gcc-arm-none-eabi-10.3-2021.10\arm-none-eabi\lib\thumb\v6-m\nofp\libc_nano.a(lib_a-locale.o)
                0x08005e20                __locale_mb_cur_max
 .text.setlocale
                0x08005e30       0x14 C:\Users\Zen\Documents\gcc-arm-none-eabi-10.3-2021.10\arm-none-eabi\lib\thumb\v6-m\nofp\libc_nano.a(lib_a-locale.o)
                0x08005e30                setlocale
 .text          0x08005e44        0x0 C:\Users\Zen\Documents\gcc-arm-none-eabi-10.3-2021.10\arm-none-eabi\lib\thumb\v6-m\nofp\libc_nano.a(lib_a-lseekr.o)
 .text._lseek_r
                0x08005e44       0x28 C:\Users\Zen\Documents\gcc-arm-none-eabi-10.3-2021.10\arm-none-eabi\lib\thumb\v6-m\nofp\libc_nano.a(lib_a-lseekr.o)
                0x08005e44                _lseek_r
 .text          0x08005e6c        0x0 C:\Users\Zen\Documents\gcc-arm-none-eabi-10.3-2021.10\arm-none-eabi\lib\thumb\v6-m\nofp\libc_nano.a(lib_a-mbtowc_r.o)
 .text._mbtowc_r
                0x08005e6c       0x14 C:\Users\Zen\Documents\gcc-arm-none-eabi-10.3-2021.10\arm-none-eabi\lib\thumb\v6-m\nofp\libc_nano.a(lib_a-mbtowc_r.o)
                0x08005e6c                _mbtowc_r
 .text.__ascii_mbtowc
                0x08005e80       0x24 C:\Users\Zen\Documents\gcc-arm-none-eabi-10.3-2021.10\arm-none-eabi\lib\thumb\v6-m\nofp\libc_nano.a(lib_a-mbtowc_r.o)
                0x08005e80                __ascii_mbtowc
 .text          0x08005ea4        0x0 C:\Users\Zen\Documents\gcc-arm-none-eabi-10.3-2021.10\arm-none-eabi\lib\thumb\v6-m\nofp\libc_nano.a(lib_a-memmove.o)
 .text.memmove  0x08005ea4       0x26 C:\Users\Zen\Documents\gcc-arm-none-eabi-10.3-2021.10\arm-none-eabi\lib\thumb\v6-m\nofp\libc_nano.a(lib_a-memmove.o)
                0x08005ea4                memmove
 .text          0x08005eca        0x0 C:\Users\Zen\Documents\gcc-arm-none-eabi-10.3-2021.10\arm-none-eabi\lib\thumb\v6-m\nofp\libc_nano.a(lib_a-mlock.o)
 *fill*         0x08005eca        0x2 
 .text.__malloc_lock
                0x08005ecc       0x10 C:\Users\Zen\Documents\gcc-arm-none-eabi-10.3-2021.10\arm-none-eabi\lib\thumb\v6-m\nofp\libc_nano.a(lib_a-mlock.o)
                0x08005ecc                __malloc_lock
 .text.__malloc_unlock
                0x08005edc       0x10 C:\Users\Zen\Documents\gcc-arm-none-eabi-10.3-2021.10\arm-none-eabi\lib\thumb\v6-m\nofp\libc_nano.a(lib_a-mlock.o)
                0x08005edc                __malloc_unlock
 .text          0x08005eec        0x0 C:\Users\Zen\Documents\gcc-arm-none-eabi-10.3-2021.10\arm-none-eabi\lib\thumb\v6-m\nofp\libc_nano.a(lib_a-nano-reallocr.o)
 .text._realloc_r
                0x08005eec       0x5e C:\Users\Zen\Documents\gcc-arm-none-eabi-10.3-2021.10\arm-none-eabi\lib\thumb\v6-m\nofp\libc_nano.a(lib_a-nano-reallocr.o)
                0x08005eec                _realloc_r
 .text          0x08005f4a        0x0 C:\Users\Zen\Documents\gcc-arm-none-eabi-10.3-2021.10\arm-none-eabi\lib\thumb\v6-m\nofp\libc_nano.a(lib_a-readr.o)
 *fill*         0x08005f4a        0x2 
 .text._read_r  0x08005f4c       0x28 C:\Users\Zen\Documents\gcc-arm-none-eabi-10.3-2021.10\arm-none-eabi\lib\thumb\v6-m\nofp\libc_nano.a(lib_a-readr.o)
                0x08005f4c                _read_r
 .text          0x08005f74       0x14 C:\Users\Zen\Documents\gcc-arm-none-eabi-10.3-2021.10\arm-none-eabi\lib\thumb\v6-m\nofp\libc_nano.a(lib_a-strcmp.o)
                0x08005f74                strcmp
 .text          0x08005f88        0x0 C:\Users\Zen\Documents\gcc-arm-none-eabi-10.3-2021.10\arm-none-eabi\lib\thumb\v6-m\nofp\libc_nano.a(lib_a-wctomb_r.o)
 .text._wctomb_r
                0x08005f88       0x10 C:\Users\Zen\Documents\gcc-arm-none-eabi-10.3-2021.10\arm-none-eabi\lib\thumb\v6-m\nofp\libc_nano.a(lib_a-wctomb_r.o)
                0x08005f88                _wctomb_r
 .text.__ascii_wctomb
                0x08005f98       0x1a C:\Users\Zen\Documents\gcc-arm-none-eabi-10.3-2021.10\arm-none-eabi\lib\thumb\v6-m\nofp\libc_nano.a(lib_a-wctomb_r.o)
                0x08005f98                __ascii_wctomb
 .text          0x08005fb2        0x0 C:\Users\Zen\Documents\gcc-arm-none-eabi-10.3-2021.10\arm-none-eabi\lib\thumb\v6-m\nofp\libc_nano.a(lib_a-abort.o)
 .text.abort    0x08005fb2        0xe C:\Users\Zen\Documents\gcc-arm-none-eabi-10.3-2021.10\arm-none-eabi\lib\thumb\v6-m\nofp\libc_nano.a(lib_a-abort.o)
                0x08005fb2                abort
 .text          0x08005fc0        0x0 C:\Users\Zen\Documents\gcc-arm-none-eabi-10.3-2021.10\arm-none-eabi\lib\thumb\v6-m\nofp\libc_nano.a(lib_a-ctype_.o)
 .text          0x08005fc0        0x0 C:\Users\Zen\Documents\gcc-arm-none-eabi-10.3-2021.10\arm-none-eabi\lib\thumb\v6-m\nofp\libc_nano.a(lib_a-nano-msizer.o)
 .text._malloc_usable_size_r
                0x08005fc0       0x10 C:\Users\Zen\Documents\gcc-arm-none-eabi-10.3-2021.10\arm-none-eabi\lib\thumb\v6-m\nofp\libc_nano.a(lib_a-nano-msizer.o)
                0x08005fc0                _malloc_usable_size_r
 .text          0x08005fd0        0x0 C:\Users\Zen\Documents\gcc-arm-none-eabi-10.3-2021.10\arm-none-eabi\lib\thumb\v6-m\nofp\libc_nano.a(lib_a-signal.o)
 .text._init_signal_r
                0x08005fd0       0x2a C:\Users\Zen\Documents\gcc-arm-none-eabi-10.3-2021.10\arm-none-eabi\lib\thumb\v6-m\nofp\libc_nano.a(lib_a-signal.o)
                0x08005fd0                _init_signal_r
 .text._signal_r
                0x08005ffa       0x32 C:\Users\Zen\Documents\gcc-arm-none-eabi-10.3-2021.10\arm-none-eabi\lib\thumb\v6-m\nofp\libc_nano.a(lib_a-signal.o)
                0x08005ffa                _signal_r
 .text._raise_r
                0x0800602c       0x54 C:\Users\Zen\Documents\gcc-arm-none-eabi-10.3-2021.10\arm-none-eabi\lib\thumb\v6-m\nofp\libc_nano.a(lib_a-signal.o)
                0x0800602c                _raise_r
 .text.__sigtramp_r
                0x08006080       0x46 C:\Users\Zen\Documents\gcc-arm-none-eabi-10.3-2021.10\arm-none-eabi\lib\thumb\v6-m\nofp\libc_nano.a(lib_a-signal.o)
                0x08006080                __sigtramp_r
 *fill*         0x080060c6        0x2 
 .text.raise    0x080060c8       0x14 C:\Users\Zen\Documents\gcc-arm-none-eabi-10.3-2021.10\arm-none-eabi\lib\thumb\v6-m\nofp\libc_nano.a(lib_a-signal.o)
                0x080060c8                raise
 .text.signal   0x080060dc       0x14 C:\Users\Zen\Documents\gcc-arm-none-eabi-10.3-2021.10\arm-none-eabi\lib\thumb\v6-m\nofp\libc_nano.a(lib_a-signal.o)
                0x080060dc                signal
 .text._init_signal
                0x080060f0       0x10 C:\Users\Zen\Documents\gcc-arm-none-eabi-10.3-2021.10\arm-none-eabi\lib\thumb\v6-m\nofp\libc_nano.a(lib_a-signal.o)
                0x080060f0                _init_signal
 .text.__sigtramp
                0x08006100       0x14 C:\Users\Zen\Documents\gcc-arm-none-eabi-10.3-2021.10\arm-none-eabi\lib\thumb\v6-m\nofp\libc_nano.a(lib_a-signal.o)
                0x08006100                __sigtramp
 .text          0x08006114        0x0 C:\Users\Zen\Documents\gcc-arm-none-eabi-10.3-2021.10\arm-none-eabi\lib\thumb\v6-m\nofp\libc_nano.a(lib_a-signalr.o)
 .text._kill_r  0x08006114       0x24 C:\Users\Zen\Documents\gcc-arm-none-eabi-10.3-2021.10\arm-none-eabi\lib\thumb\v6-m\nofp\libc_nano.a(lib_a-signalr.o)
                0x08006114                _kill_r
 .text._getpid_r
                0x08006138        0x8 C:\Users\Zen\Documents\gcc-arm-none-eabi-10.3-2021.10\arm-none-eabi\lib\thumb\v6-m\nofp\libc_nano.a(lib_a-signalr.o)
                0x08006138                _getpid_r
 .text          0x08006140       0x14 C:\Users\Zen\Documents\gcc-arm-none-eabi-10.3-2021.10\lib\gcc\arm-none-eabi\10.3.1\thumb\v6-m\nofp\libgcc.a(_thumb1_case_uqi.o)
                0x08006140                __gnu_thumb1_case_uqi
 .text          0x08006154       0x14 C:\Users\Zen\Documents\gcc-arm-none-eabi-10.3-2021.10\lib\gcc\arm-none-eabi\10.3.1\thumb\v6-m\nofp\libgcc.a(_thumb1_case_shi.o)
                0x08006154                __gnu_thumb1_case_shi
 .text          0x08006168      0x114 C:\Users\Zen\Documents\gcc-arm-none-eabi-10.3-2021.10\lib\gcc\arm-none-eabi\10.3.1\thumb\v6-m\nofp\libgcc.a(_udivsi3.o)
                0x08006168                __aeabi_uidiv
                0x08006168                __udivsi3
                0x08006274                __aeabi_uidivmod
 .text          0x0800627c       0x7c C:\Users\Zen\Documents\gcc-arm-none-eabi-10.3-2021.10\lib\gcc\arm-none-eabi\10.3.1\thumb\v6-m\nofp\libgcc.a(_arm_cmpdf2.o)
                0x0800627c                __aeabi_cdrcmple
                0x0800628c                __aeabi_cdcmple
                0x0800628c                __aeabi_cdcmpeq
                0x0800629c                __aeabi_dcmpeq
                0x080062a8                __aeabi_dcmplt
                0x080062bc                __aeabi_dcmple
                0x080062d0                __aeabi_dcmpgt
                0x080062e4                __aeabi_dcmpge
 .text          0x080062f8      0x678 C:\Users\Zen\Documents\gcc-arm-none-eabi-10.3-2021.10\lib\gcc\arm-none-eabi\10.3.1\thumb\v6-m\nofp\libgcc.a(adddf3.o)
                0x080062f8                __aeabi_dadd
 .text          0x08006970      0x5ec C:\Users\Zen\Documents\gcc-arm-none-eabi-10.3-2021.10\lib\gcc\arm-none-eabi\10.3.1\thumb\v6-m\nofp\libgcc.a(divdf3.o)
                0x08006970                __aeabi_ddiv
 .text          0x08006f5c       0x84 C:\Users\Zen\Documents\gcc-arm-none-eabi-10.3-2021.10\lib\gcc\arm-none-eabi\10.3.1\thumb\v6-m\nofp\libgcc.a(eqdf2.o)
                0x08006f5c                __nedf2
                0x08006f5c                __eqdf2
 .text          0x08006fe0       0xcc C:\Users\Zen\Documents\gcc-arm-none-eabi-10.3-2021.10\lib\gcc\arm-none-eabi\10.3.1\thumb\v6-m\nofp\libgcc.a(gedf2.o)
                0x08006fe0                __gedf2
                0x08006fe0                __gtdf2
 .text          0x080070ac       0xc8 C:\Users\Zen\Documents\gcc-arm-none-eabi-10.3-2021.10\lib\gcc\arm-none-eabi\10.3.1\thumb\v6-m\nofp\libgcc.a(ledf2.o)
                0x080070ac                __ledf2
                0x080070ac                __ltdf2
 .text          0x08007174      0x4d8 C:\Users\Zen\Documents\gcc-arm-none-eabi-10.3-2021.10\lib\gcc\arm-none-eabi\10.3.1\thumb\v6-m\nofp\libgcc.a(muldf3.o)
                0x08007174                __aeabi_dmul
 .text          0x0800764c      0x724 C:\Users\Zen\Documents\gcc-arm-none-eabi-10.3-2021.10\lib\gcc\arm-none-eabi\10.3.1\thumb\v6-m\nofp\libgcc.a(subdf3.o)
                0x0800764c                __aeabi_dsub
 .text          0x08007d70       0x3c C:\Users\Zen\Documents\gcc-arm-none-eabi-10.3-2021.10\lib\gcc\arm-none-eabi\10.3.1\thumb\v6-m\nofp\libgcc.a(unorddf2.o)
                0x08007d70                __aeabi_dcmpun
 .text          0x08007dac       0x6c C:\Users\Zen\Documents\gcc-arm-none-eabi-10.3-2021.10\lib\gcc\arm-none-eabi\10.3.1\thumb\v6-m\nofp\libgcc.a(fixdfsi.o)
                0x08007dac                __aeabi_d2iz
 .text          0x08007e18       0x60 C:\Users\Zen\Documents\gcc-arm-none-eabi-10.3-2021.10\lib\gcc\arm-none-eabi\10.3.1\thumb\v6-m\nofp\libgcc.a(floatsidf.o)
                0x08007e18                __aeabi_i2d
 .text          0x08007e78       0x4c C:\Users\Zen\Documents\gcc-arm-none-eabi-10.3-2021.10\lib\gcc\arm-none-eabi\10.3.1\thumb\v6-m\nofp\libgcc.a(floatunsidf.o)
                0x08007e78                __aeabi_ui2d
 *(.rodata*)
 .rodata        0x08007ec4      0x1e6 build/main.o
 *fill*         0x080080aa        0x2 
 .rodata        0x080080ac       0x7c build/startup.o
 .rodata        0x08008128       0x80 C:\Users\Zen\Documents\gcc-arm-none-eabi-10.3-2021.10\lib\gcc\arm-none-eabi\10.3.1\thumb\v6-m\nofp\libgcc.a(divsf3.o)
 .rodata        0x080081a8       0x40 C:\Users\Zen\Documents\gcc-arm-none-eabi-10.3-2021.10\lib\gcc\arm-none-eabi\10.3.1\thumb\v6-m\nofp\libgcc.a(mulsf3.o)
 .rodata._printf_float.str1.1
                0x080081e8       0x12 C:\Users\Zen\Documents\gcc-arm-none-eabi-10.3-2021.10\arm-none-eabi\lib\thumb\v6-m\nofp\libc_nano.a(lib_a-nano-vfprintf_float.o)
 .rodata._printf_i.str1.1
                0x080081fa       0x22 C:\Users\Zen\Documents\gcc-arm-none-eabi-10.3-2021.10\arm-none-eabi\lib\thumb\v6-m\nofp\libc_nano.a(lib_a-nano-vfprintf_i.o)
 .rodata._dtoa_r.str1.1
                0x0800821c       0xb3 C:\Users\Zen\Documents\gcc-arm-none-eabi-10.3-2021.10\arm-none-eabi\lib\thumb\v6-m\nofp\libc_nano.a(lib_a-dtoa.o)
                                 0xb5 (size before relaxing)
 *fill*         0x080082cf        0x1 
 .rodata.__sf_fake_stderr
                0x080082d0       0x20 C:\Users\Zen\Documents\gcc-arm-none-eabi-10.3-2021.10\arm-none-eabi\lib\thumb\v6-m\nofp\libc_nano.a(lib_a-findfp.o)
                0x080082d0                __sf_fake_stderr
 .rodata.__sf_fake_stdin
                0x080082f0       0x20 C:\Users\Zen\Documents\gcc-arm-none-eabi-10.3-2021.10\arm-none-eabi\lib\thumb\v6-m\nofp\libc_nano.a(lib_a-findfp.o)
                0x080082f0                __sf_fake_stdin
 .rodata.__sf_fake_stdout
                0x08008310       0x20 C:\Users\Zen\Documents\gcc-arm-none-eabi-10.3-2021.10\arm-none-eabi\lib\thumb\v6-m\nofp\libc_nano.a(lib_a-findfp.o)
                0x08008310                __sf_fake_stdout
 .rodata._global_impure_ptr
                0x08008330        0x4 C:\Users\Zen\Documents\gcc-arm-none-eabi-10.3-2021.10\arm-none-eabi\lib\thumb\v6-m\nofp\libc_nano.a(lib_a-impure.o)
                0x08008330                _global_impure_ptr
 .rodata._Balloc.str1.1
                0x08008334       0x7f C:\Users\Zen\Documents\gcc-arm-none-eabi-10.3-2021.10\arm-none-eabi\lib\thumb\v6-m\nofp\libc_nano.a(lib_a-mprec.o)
                                 0x96 (size before relaxing)
 .rodata.__multadd.str1.1
                0x080083b3       0x11 C:\Users\Zen\Documents\gcc-arm-none-eabi-10.3-2021.10\arm-none-eabi\lib\thumb\v6-m\nofp\libc_nano.a(lib_a-mprec.o)
 *fill*         0x080083b3        0x5 
 .rodata.__mprec_bigtens
                0x080083b8       0x28 C:\Users\Zen\Documents\gcc-arm-none-eabi-10.3-2021.10\arm-none-eabi\lib\thumb\v6-m\nofp\libc_nano.a(lib_a-mprec.o)
                0x080083b8                __mprec_bigtens
 .rodata.__mprec_tens
                0x080083e0       0xc8 C:\Users\Zen\Documents\gcc-arm-none-eabi-10.3-2021.10\arm-none-eabi\lib\thumb\v6-m\nofp\libc_nano.a(lib_a-mprec.o)
                0x080083e0                __mprec_tens
 .rodata.__mprec_tinytens
                0x080084a8       0x28 C:\Users\Zen\Documents\gcc-arm-none-eabi-10.3-2021.10\arm-none-eabi\lib\thumb\v6-m\nofp\libc_nano.a(lib_a-mprec.o)
                0x080084a8                __mprec_tinytens
 .rodata.p05.0  0x080084d0        0xc C:\Users\Zen\Documents\gcc-arm-none-eabi-10.3-2021.10\arm-none-eabi\lib\thumb\v6-m\nofp\libc_nano.a(lib_a-mprec.o)
 .rodata._svfprintf_r.str1.1
                0x080084dc       0x11 C:\Users\Zen\Documents\gcc-arm-none-eabi-10.3-2021.10\arm-none-eabi\lib\thumb\v6-m\nofp\libc_nano.a(lib_a-nano-svfprintf.o)
 .rodata._vfprintf_r.str1.1
                0x080084ed       0x11 C:\Users\Zen\Documents\gcc-arm-none-eabi-10.3-2021.10\arm-none-eabi\lib\thumb\v6-m\nofp\libc_nano.a(lib_a-nano-vfprintf.o)
 .rodata.__assert_func.str1.1
                0x080084ed       0x3c C:\Users\Zen\Documents\gcc-arm-none-eabi-10.3-2021.10\arm-none-eabi\lib\thumb\v6-m\nofp\libc_nano.a(lib_a-assert.o)
                                 0x3d (size before relaxing)
 .rodata._setlocale_r.str1.1
                0x08008529        0x8 C:\Users\Zen\Documents\gcc-arm-none-eabi-10.3-2021.10\arm-none-eabi\lib\thumb\v6-m\nofp\libc_nano.a(lib_a-locale.o)
                                  0x9 (size before relaxing)
 .rodata.str1.1
                0x08008531        0x2 C:\Users\Zen\Documents\gcc-arm-none-eabi-10.3-2021.10\arm-none-eabi\lib\thumb\v6-m\nofp\libc_nano.a(lib_a-locale.o)
 .rodata._ctype_
                0x08008533      0x101 C:\Users\Zen\Documents\gcc-arm-none-eabi-10.3-2021.10\arm-none-eabi\lib\thumb\v6-m\nofp\libc_nano.a(lib_a-ctype_.o)
                0x08008533                _ctype_
 .rodata        0x08008634       0x40 C:\Users\Zen\Documents\gcc-arm-none-eabi-10.3-2021.10\lib\gcc\arm-none-eabi\10.3.1\thumb\v6-m\nofp\libgcc.a(divdf3.o)
 .rodata        0x08008674       0x40 C:\Users\Zen\Documents\gcc-arm-none-eabi-10.3-2021.10\lib\gcc\arm-none-eabi\10.3.1\thumb\v6-m\nofp\libgcc.a(muldf3.o)
                0x080086b4                . = ALIGN (0x4)
                0x080086b4                PROVIDE (__init_array_start = .)
 *(SORT_BY_NAME(.init_array.*))
 *(.init_array)
                0x080086b4                PROVIDE (__init_array_end = .)
                0x080086b4                . = ALIGN (0x4)
                0x080086b4                _etext = .

.glue_7         0x080086b4        0x0
 .glue_7        0x080086b4        0x0 linker stubs

.glue_7t        0x080086b4        0x0
 .glue_7t       0x080086b4        0x0 linker stubs

.vfp11_veneer   0x080086b4        0x0
 .vfp11_veneer  0x080086b4        0x0 linker stubs

.v4_bx          0x080086b4        0x0
 .v4_bx         0x080086b4        0x0 linker stubs

.iplt           0x080086b4        0x0
 .iplt          0x080086b4        0x0 build/main.o

.rel.dyn        0x080086b4        0x0
 .rel.iplt      0x080086b4        0x0 build/main.o

.data           0x20000000      0x1d4 load address 0x080086b4
                0x20000000                . = ALIGN (0x4)
                0x20000000                _data = .
 *(.data*)
 .data          0x20000000        0x0 build/main.o
 .data          0x20000000        0x0 build/lcd.o
 .data          0x20000000        0x0 build/serial.o
 .data          0x20000000        0x0 build/startup.o
 .data          0x20000000        0x4 build/newlib_stubs.o
                0x20000000                environ
 .data          0x20000004        0x0 build/UART2.o
 .data          0x20000004        0x0 C:\Users\Zen\Documents\gcc-arm-none-eabi-10.3-2021.10\arm-none-eabi\lib\thumb\v6-m\nofp\libnosys.a(errno.o)
 .data          0x20000004        0x0 C:\Users\Zen\Documents\gcc-arm-none-eabi-10.3-2021.10\lib\gcc\arm-none-eabi\10.3.1\thumb\v6-m\nofp\libgcc.a(_divsi3.o)
 .data          0x20000004        0x0 C:\Users\Zen\Documents\gcc-arm-none-eabi-10.3-2021.10\lib\gcc\arm-none-eabi\10.3.1\thumb\v6-m\nofp\libgcc.a(_dvmd_tls.o)
 .data          0x20000004        0x0 C:\Users\Zen\Documents\gcc-arm-none-eabi-10.3-2021.10\lib\gcc\arm-none-eabi\10.3.1\thumb\v6-m\nofp\libgcc.a(divsf3.o)
 .data          0x20000004        0x0 C:\Users\Zen\Documents\gcc-arm-none-eabi-10.3-2021.10\lib\gcc\arm-none-eabi\10.3.1\thumb\v6-m\nofp\libgcc.a(mulsf3.o)
 .data          0x20000004        0x0 C:\Users\Zen\Documents\gcc-arm-none-eabi-10.3-2021.10\lib\gcc\arm-none-eabi\10.3.1\thumb\v6-m\nofp\libgcc.a(floatsisf.o)
 .data          0x20000004        0x0 C:\Users\Zen\Documents\gcc-arm-none-eabi-10.3-2021.10\lib\gcc\arm-none-eabi\10.3.1\thumb\v6-m\nofp\libgcc.a(extendsfdf2.o)
 .data          0x20000004        0x0 C:\Users\Zen\Documents\gcc-arm-none-eabi-10.3-2021.10\lib\gcc\arm-none-eabi\10.3.1\thumb\v6-m\nofp\libgcc.a(_clzsi2.o)
 .data          0x20000004        0x0 C:\Users\Zen\Documents\gcc-arm-none-eabi-10.3-2021.10\arm-none-eabi\lib\thumb\v6-m\nofp\libc_nano.a(lib_a-nano-vfprintf_float.o)
 .data          0x20000004        0x0 C:\Users\Zen\Documents\gcc-arm-none-eabi-10.3-2021.10\arm-none-eabi\lib\thumb\v6-m\nofp\libc_nano.a(lib_a-nano-vfprintf_i.o)
 .data          0x20000004        0x0 C:\Users\Zen\Documents\gcc-arm-none-eabi-10.3-2021.10\arm-none-eabi\lib\thumb\v6-m\nofp\libc_nano.a(lib_a-printf.o)
 .data          0x20000004        0x0 C:\Users\Zen\Documents\gcc-arm-none-eabi-10.3-2021.10\arm-none-eabi\lib\thumb\v6-m\nofp\libc_nano.a(lib_a-puts.o)
 .data          0x20000004        0x0 C:\Users\Zen\Documents\gcc-arm-none-eabi-10.3-2021.10\arm-none-eabi\lib\thumb\v6-m\nofp\libc_nano.a(lib_a-sprintf.o)
 .data          0x20000004        0x0 C:\Users\Zen\Documents\gcc-arm-none-eabi-10.3-2021.10\arm-none-eabi\lib\thumb\v6-m\nofp\libc_nano.a(lib_a-strlen.o)
 .data          0x20000004        0x0 C:\Users\Zen\Documents\gcc-arm-none-eabi-10.3-2021.10\arm-none-eabi\lib\thumb\v6-m\nofp\libc_nano.a(lib_a-wbuf.o)
 .data          0x20000004        0x0 C:\Users\Zen\Documents\gcc-arm-none-eabi-10.3-2021.10\arm-none-eabi\lib\thumb\v6-m\nofp\libc_nano.a(lib_a-wsetup.o)
 .data          0x20000004        0x0 C:\Users\Zen\Documents\gcc-arm-none-eabi-10.3-2021.10\arm-none-eabi\lib\thumb\v6-m\nofp\libc_nano.a(lib_a-dtoa.o)
 .data          0x20000004        0x0 C:\Users\Zen\Documents\gcc-arm-none-eabi-10.3-2021.10\arm-none-eabi\lib\thumb\v6-m\nofp\libc_nano.a(lib_a-fflush.o)
 .data          0x20000004        0x0 C:\Users\Zen\Documents\gcc-arm-none-eabi-10.3-2021.10\arm-none-eabi\lib\thumb\v6-m\nofp\libc_nano.a(lib_a-findfp.o)
 .data          0x20000004        0x0 C:\Users\Zen\Documents\gcc-arm-none-eabi-10.3-2021.10\arm-none-eabi\lib\thumb\v6-m\nofp\libc_nano.a(lib_a-fwalk.o)
 .data          0x20000004        0x0 C:\Users\Zen\Documents\gcc-arm-none-eabi-10.3-2021.10\arm-none-eabi\lib\thumb\v6-m\nofp\libc_nano.a(lib_a-impure.o)
 .data._impure_ptr
                0x20000004        0x4 C:\Users\Zen\Documents\gcc-arm-none-eabi-10.3-2021.10\arm-none-eabi\lib\thumb\v6-m\nofp\libc_nano.a(lib_a-impure.o)
                0x20000004                _impure_ptr
 .data.impure_data
                0x20000008       0x60 C:\Users\Zen\Documents\gcc-arm-none-eabi-10.3-2021.10\arm-none-eabi\lib\thumb\v6-m\nofp\libc_nano.a(lib_a-impure.o)
 .data          0x20000068        0x0 C:\Users\Zen\Documents\gcc-arm-none-eabi-10.3-2021.10\arm-none-eabi\lib\thumb\v6-m\nofp\libc_nano.a(lib_a-localeconv.o)
 .data          0x20000068        0x0 C:\Users\Zen\Documents\gcc-arm-none-eabi-10.3-2021.10\arm-none-eabi\lib\thumb\v6-m\nofp\libc_nano.a(lib_a-lock.o)
 .data          0x20000068        0x0 C:\Users\Zen\Documents\gcc-arm-none-eabi-10.3-2021.10\arm-none-eabi\lib\thumb\v6-m\nofp\libc_nano.a(lib_a-makebuf.o)
 .data          0x20000068        0x0 C:\Users\Zen\Documents\gcc-arm-none-eabi-10.3-2021.10\arm-none-eabi\lib\thumb\v6-m\nofp\libc_nano.a(lib_a-malloc.o)
 .data          0x20000068        0x0 C:\Users\Zen\Documents\gcc-arm-none-eabi-10.3-2021.10\arm-none-eabi\lib\thumb\v6-m\nofp\libc_nano.a(lib_a-memchr-stub.o)
 .data          0x20000068        0x0 C:\Users\Zen\Documents\gcc-arm-none-eabi-10.3-2021.10\arm-none-eabi\lib\thumb\v6-m\nofp\libc_nano.a(lib_a-memcpy-stub.o)
 .data          0x20000068        0x0 C:\Users\Zen\Documents\gcc-arm-none-eabi-10.3-2021.10\arm-none-eabi\lib\thumb\v6-m\nofp\libc_nano.a(lib_a-memset.o)
 .data          0x20000068        0x0 C:\Users\Zen\Documents\gcc-arm-none-eabi-10.3-2021.10\arm-none-eabi\lib\thumb\v6-m\nofp\libc_nano.a(lib_a-mprec.o)
 .data          0x20000068        0x0 C:\Users\Zen\Documents\gcc-arm-none-eabi-10.3-2021.10\arm-none-eabi\lib\thumb\v6-m\nofp\libc_nano.a(lib_a-nano-callocr.o)
 .data          0x20000068        0x0 C:\Users\Zen\Documents\gcc-arm-none-eabi-10.3-2021.10\arm-none-eabi\lib\thumb\v6-m\nofp\libc_nano.a(lib_a-nano-freer.o)
 .data          0x20000068        0x0 C:\Users\Zen\Documents\gcc-arm-none-eabi-10.3-2021.10\arm-none-eabi\lib\thumb\v6-m\nofp\libc_nano.a(lib_a-nano-mallocr.o)
 .data          0x20000068        0x0 C:\Users\Zen\Documents\gcc-arm-none-eabi-10.3-2021.10\arm-none-eabi\lib\thumb\v6-m\nofp\libc_nano.a(lib_a-nano-svfprintf.o)
 .data          0x20000068        0x0 C:\Users\Zen\Documents\gcc-arm-none-eabi-10.3-2021.10\arm-none-eabi\lib\thumb\v6-m\nofp\libc_nano.a(lib_a-nano-vfprintf.o)
 .data          0x20000068        0x0 C:\Users\Zen\Documents\gcc-arm-none-eabi-10.3-2021.10\arm-none-eabi\lib\thumb\v6-m\nofp\libc_nano.a(lib_a-sbrkr.o)
 .data          0x20000068        0x0 C:\Users\Zen\Documents\gcc-arm-none-eabi-10.3-2021.10\arm-none-eabi\lib\thumb\v6-m\nofp\libc_nano.a(lib_a-stdio.o)
 .data          0x20000068        0x0 C:\Users\Zen\Documents\gcc-arm-none-eabi-10.3-2021.10\arm-none-eabi\lib\thumb\v6-m\nofp\libc_nano.a(lib_a-writer.o)
 .data          0x20000068        0x0 C:\Users\Zen\Documents\gcc-arm-none-eabi-10.3-2021.10\arm-none-eabi\lib\thumb\v6-m\nofp\libc_nano.a(lib_a-assert.o)
 .data          0x20000068        0x0 C:\Users\Zen\Documents\gcc-arm-none-eabi-10.3-2021.10\arm-none-eabi\lib\thumb\v6-m\nofp\libc_nano.a(lib_a-closer.o)
 .data          0x20000068        0x0 C:\Users\Zen\Documents\gcc-arm-none-eabi-10.3-2021.10\arm-none-eabi\lib\thumb\v6-m\nofp\libc_nano.a(lib_a-fprintf.o)
 .data          0x20000068        0x0 C:\Users\Zen\Documents\gcc-arm-none-eabi-10.3-2021.10\arm-none-eabi\lib\thumb\v6-m\nofp\libc_nano.a(lib_a-fstatr.o)
 .data          0x20000068        0x0 C:\Users\Zen\Documents\gcc-arm-none-eabi-10.3-2021.10\arm-none-eabi\lib\thumb\v6-m\nofp\libc_nano.a(lib_a-fvwrite.o)
 .data          0x20000068        0x0 C:\Users\Zen\Documents\gcc-arm-none-eabi-10.3-2021.10\arm-none-eabi\lib\thumb\v6-m\nofp\libc_nano.a(lib_a-isattyr.o)
 .data          0x20000068        0x0 C:\Users\Zen\Documents\gcc-arm-none-eabi-10.3-2021.10\arm-none-eabi\lib\thumb\v6-m\nofp\libc_nano.a(lib_a-locale.o)
 .data.__global_locale
                0x20000068      0x16c C:\Users\Zen\Documents\gcc-arm-none-eabi-10.3-2021.10\arm-none-eabi\lib\thumb\v6-m\nofp\libc_nano.a(lib_a-locale.o)
                0x20000068                __global_locale
 .data          0x200001d4        0x0 C:\Users\Zen\Documents\gcc-arm-none-eabi-10.3-2021.10\arm-none-eabi\lib\thumb\v6-m\nofp\libc_nano.a(lib_a-lseekr.o)
 .data          0x200001d4        0x0 C:\Users\Zen\Documents\gcc-arm-none-eabi-10.3-2021.10\arm-none-eabi\lib\thumb\v6-m\nofp\libc_nano.a(lib_a-mbtowc_r.o)
 .data          0x200001d4        0x0 C:\Users\Zen\Documents\gcc-arm-none-eabi-10.3-2021.10\arm-none-eabi\lib\thumb\v6-m\nofp\libc_nano.a(lib_a-memmove.o)
 .data          0x200001d4        0x0 C:\Users\Zen\Documents\gcc-arm-none-eabi-10.3-2021.10\arm-none-eabi\lib\thumb\v6-m\nofp\libc_nano.a(lib_a-mlock.o)
 .data          0x200001d4        0x0 C:\Users\Zen\Documents\gcc-arm-none-eabi-10.3-2021.10\arm-none-eabi\lib\thumb\v6-m\nofp\libc_nano.a(lib_a-nano-reallocr.o)
 .data          0x200001d4        0x0 C:\Users\Zen\Documents\gcc-arm-none-eabi-10.3-2021.10\arm-none-eabi\lib\thumb\v6-m\nofp\libc_nano.a(lib_a-readr.o)
 .data          0x200001d4        0x0 C:\Users\Zen\Documents\gcc-arm-none-eabi-10.3-2021.10\arm-none-eabi\lib\thumb\v6-m\nofp\libc_nano.a(lib_a-strcmp.o)
 .data          0x200001d4        0x0 C:\Users\Zen\Documents\gcc-arm-none-eabi-10.3-2021.10\arm-none-eabi\lib\thumb\v6-m\nofp\libc_nano.a(lib_a-wctomb_r.o)
 .data          0x200001d4        0x0 C:\Users\Zen\Documents\gcc-arm-none-eabi-10.3-2021.10\arm-none-eabi\lib\thumb\v6-m\nofp\libc_nano.a(lib_a-abort.o)
 .data          0x200001d4        0x0 C:\Users\Zen\Documents\gcc-arm-none-eabi-10.3-2021.10\arm-none-eabi\lib\thumb\v6-m\nofp\libc_nano.a(lib_a-ctype_.o)
 .data          0x200001d4        0x0 C:\Users\Zen\Documents\gcc-arm-none-eabi-10.3-2021.10\arm-none-eabi\lib\thumb\v6-m\nofp\libc_nano.a(lib_a-nano-msizer.o)
 .data          0x200001d4        0x0 C:\Users\Zen\Documents\gcc-arm-none-eabi-10.3-2021.10\arm-none-eabi\lib\thumb\v6-m\nofp\libc_nano.a(lib_a-signal.o)
 .data          0x200001d4        0x0 C:\Users\Zen\Documents\gcc-arm-none-eabi-10.3-2021.10\arm-none-eabi\lib\thumb\v6-m\nofp\libc_nano.a(lib_a-signalr.o)
 .data          0x200001d4        0x0 C:\Users\Zen\Documents\gcc-arm-none-eabi-10.3-2021.10\lib\gcc\arm-none-eabi\10.3.1\thumb\v6-m\nofp\libgcc.a(_thumb1_case_uqi.o)
 .data          0x200001d4        0x0 C:\Users\Zen\Documents\gcc-arm-none-eabi-10.3-2021.10\lib\gcc\arm-none-eabi\10.3.1\thumb\v6-m\nofp\libgcc.a(_thumb1_case_shi.o)
 .data          0x200001d4        0x0 C:\Users\Zen\Documents\gcc-arm-none-eabi-10.3-2021.10\lib\gcc\arm-none-eabi\10.3.1\thumb\v6-m\nofp\libgcc.a(_udivsi3.o)
 .data          0x200001d4        0x0 C:\Users\Zen\Documents\gcc-arm-none-eabi-10.3-2021.10\lib\gcc\arm-none-eabi\10.3.1\thumb\v6-m\nofp\libgcc.a(_arm_cmpdf2.o)
 .data          0x200001d4        0x0 C:\Users\Zen\Documents\gcc-arm-none-eabi-10.3-2021.10\lib\gcc\arm-none-eabi\10.3.1\thumb\v6-m\nofp\libgcc.a(adddf3.o)
 .data          0x200001d4        0x0 C:\Users\Zen\Documents\gcc-arm-none-eabi-10.3-2021.10\lib\gcc\arm-none-eabi\10.3.1\thumb\v6-m\nofp\libgcc.a(divdf3.o)
 .data          0x200001d4        0x0 C:\Users\Zen\Documents\gcc-arm-none-eabi-10.3-2021.10\lib\gcc\arm-none-eabi\10.3.1\thumb\v6-m\nofp\libgcc.a(eqdf2.o)
 .data          0x200001d4        0x0 C:\Users\Zen\Documents\gcc-arm-none-eabi-10.3-2021.10\lib\gcc\arm-none-eabi\10.3.1\thumb\v6-m\nofp\libgcc.a(gedf2.o)
 .data          0x200001d4        0x0 C:\Users\Zen\Documents\gcc-arm-none-eabi-10.3-2021.10\lib\gcc\arm-none-eabi\10.3.1\thumb\v6-m\nofp\libgcc.a(ledf2.o)
 .data          0x200001d4        0x0 C:\Users\Zen\Documents\gcc-arm-none-eabi-10.3-2021.10\lib\gcc\arm-none-eabi\10.3.1\thumb\v6-m\nofp\libgcc.a(muldf3.o)
 .data          0x200001d4        0x0 C:\Users\Zen\Documents\gcc-arm-none-eabi-10.3-2021.10\lib\gcc\arm-none-eabi\10.3.1\thumb\v6-m\nofp\libgcc.a(subdf3.o)
 .data          0x200001d4        0x0 C:\Users\Zen\Documents\gcc-arm-none-eabi-10.3-2021.10\lib\gcc\arm-none-eabi\10.3.1\thumb\v6-m\nofp\libgcc.a(unorddf2.o)
 .data          0x200001d4        0x0 C:\Users\Zen\Documents\gcc-arm-none-eabi-10.3-2021.10\lib\gcc\arm-none-eabi\10.3.1\thumb\v6-m\nofp\libgcc.a(fixdfsi.o)
 .data          0x200001d4        0x0 C:\Users\Zen\Documents\gcc-arm-none-eabi-10.3-2021.10\lib\gcc\arm-none-eabi\10.3.1\thumb\v6-m\nofp\libgcc.a(floatsidf.o)
 .data          0x200001d4        0x0 C:\Users\Zen\Documents\gcc-arm-none-eabi-10.3-2021.10\lib\gcc\arm-none-eabi\10.3.1\thumb\v6-m\nofp\libgcc.a(floatunsidf.o)
                0x200001d4                . = ALIGN (0x4)
                0x200001d4                _edata = .

.igot.plt       0x200001d4        0x0 load address 0x08008888
 .igot.plt      0x200001d4        0x0 build/main.o

.bss            0x200001d4      0x18c load address 0x08008888
                0x200001d4                _bss = .
 *(.bss*)
 .bss           0x200001d4       0x20 build/main.o
                0x200001d4                frequency
                0x200001d8                capacitance
                0x200001dc                print_frequency
                0x200001e8                flag
 .bss           0x200001f4        0x0 build/lcd.o
 .bss           0x200001f4       0xa4 build/serial.o
                0x200001f4                ComRXBuffer
                0x20000240                ComTXBuffer
                0x2000028c                ComOpen
                0x20000290                ComError
                0x20000294                ComBusy
 .bss           0x20000298        0x0 build/startup.o
 .bss           0x20000298        0x8 build/newlib_stubs.o
                0x20000298                __env
 .bss           0x200002a0       0xa4 build/UART2.o
                0x200002a0                ComRXBuffer2
                0x200002ec                ComTXBuffer2
                0x20000338                ComOpen2
                0x2000033c                ComError2
                0x20000340                ComBusy2
 .bss           0x20000344        0x0 C:\Users\Zen\Documents\gcc-arm-none-eabi-10.3-2021.10\arm-none-eabi\lib\thumb\v6-m\nofp\libnosys.a(errno.o)
 .bss.errno     0x20000344        0x4 C:\Users\Zen\Documents\gcc-arm-none-eabi-10.3-2021.10\arm-none-eabi\lib\thumb\v6-m\nofp\libnosys.a(errno.o)
                0x20000344                errno
 .bss           0x20000348        0x0 C:\Users\Zen\Documents\gcc-arm-none-eabi-10.3-2021.10\lib\gcc\arm-none-eabi\10.3.1\thumb\v6-m\nofp\libgcc.a(_divsi3.o)
 .bss           0x20000348        0x0 C:\Users\Zen\Documents\gcc-arm-none-eabi-10.3-2021.10\lib\gcc\arm-none-eabi\10.3.1\thumb\v6-m\nofp\libgcc.a(_dvmd_tls.o)
 .bss           0x20000348        0x0 C:\Users\Zen\Documents\gcc-arm-none-eabi-10.3-2021.10\lib\gcc\arm-none-eabi\10.3.1\thumb\v6-m\nofp\libgcc.a(divsf3.o)
 .bss           0x20000348        0x0 C:\Users\Zen\Documents\gcc-arm-none-eabi-10.3-2021.10\lib\gcc\arm-none-eabi\10.3.1\thumb\v6-m\nofp\libgcc.a(mulsf3.o)
 .bss           0x20000348        0x0 C:\Users\Zen\Documents\gcc-arm-none-eabi-10.3-2021.10\lib\gcc\arm-none-eabi\10.3.1\thumb\v6-m\nofp\libgcc.a(floatsisf.o)
 .bss           0x20000348        0x0 C:\Users\Zen\Documents\gcc-arm-none-eabi-10.3-2021.10\lib\gcc\arm-none-eabi\10.3.1\thumb\v6-m\nofp\libgcc.a(extendsfdf2.o)
 .bss           0x20000348        0x0 C:\Users\Zen\Documents\gcc-arm-none-eabi-10.3-2021.10\lib\gcc\arm-none-eabi\10.3.1\thumb\v6-m\nofp\libgcc.a(_clzsi2.o)
 .bss           0x20000348        0x0 C:\Users\Zen\Documents\gcc-arm-none-eabi-10.3-2021.10\arm-none-eabi\lib\thumb\v6-m\nofp\libc_nano.a(lib_a-nano-vfprintf_float.o)
 .bss           0x20000348        0x0 C:\Users\Zen\Documents\gcc-arm-none-eabi-10.3-2021.10\arm-none-eabi\lib\thumb\v6-m\nofp\libc_nano.a(lib_a-nano-vfprintf_i.o)
 .bss           0x20000348        0x0 C:\Users\Zen\Documents\gcc-arm-none-eabi-10.3-2021.10\arm-none-eabi\lib\thumb\v6-m\nofp\libc_nano.a(lib_a-printf.o)
 .bss           0x20000348        0x0 C:\Users\Zen\Documents\gcc-arm-none-eabi-10.3-2021.10\arm-none-eabi\lib\thumb\v6-m\nofp\libc_nano.a(lib_a-puts.o)
 .bss           0x20000348        0x0 C:\Users\Zen\Documents\gcc-arm-none-eabi-10.3-2021.10\arm-none-eabi\lib\thumb\v6-m\nofp\libc_nano.a(lib_a-sprintf.o)
 .bss           0x20000348        0x0 C:\Users\Zen\Documents\gcc-arm-none-eabi-10.3-2021.10\arm-none-eabi\lib\thumb\v6-m\nofp\libc_nano.a(lib_a-strlen.o)
 .bss           0x20000348        0x0 C:\Users\Zen\Documents\gcc-arm-none-eabi-10.3-2021.10\arm-none-eabi\lib\thumb\v6-m\nofp\libc_nano.a(lib_a-wbuf.o)
 .bss           0x20000348        0x0 C:\Users\Zen\Documents\gcc-arm-none-eabi-10.3-2021.10\arm-none-eabi\lib\thumb\v6-m\nofp\libc_nano.a(lib_a-wsetup.o)
 .bss           0x20000348        0x0 C:\Users\Zen\Documents\gcc-arm-none-eabi-10.3-2021.10\arm-none-eabi\lib\thumb\v6-m\nofp\libc_nano.a(lib_a-dtoa.o)
 .bss           0x20000348        0x0 C:\Users\Zen\Documents\gcc-arm-none-eabi-10.3-2021.10\arm-none-eabi\lib\thumb\v6-m\nofp\libc_nano.a(lib_a-fflush.o)
 .bss           0x20000348        0x0 C:\Users\Zen\Documents\gcc-arm-none-eabi-10.3-2021.10\arm-none-eabi\lib\thumb\v6-m\nofp\libc_nano.a(lib_a-findfp.o)
 .bss           0x20000348        0x0 C:\Users\Zen\Documents\gcc-arm-none-eabi-10.3-2021.10\arm-none-eabi\lib\thumb\v6-m\nofp\libc_nano.a(lib_a-fwalk.o)
 .bss           0x20000348        0x0 C:\Users\Zen\Documents\gcc-arm-none-eabi-10.3-2021.10\arm-none-eabi\lib\thumb\v6-m\nofp\libc_nano.a(lib_a-impure.o)
 .bss           0x20000348        0x0 C:\Users\Zen\Documents\gcc-arm-none-eabi-10.3-2021.10\arm-none-eabi\lib\thumb\v6-m\nofp\libc_nano.a(lib_a-localeconv.o)
 .bss           0x20000348        0x0 C:\Users\Zen\Documents\gcc-arm-none-eabi-10.3-2021.10\arm-none-eabi\lib\thumb\v6-m\nofp\libc_nano.a(lib_a-lock.o)
 .bss.__lock___arc4random_mutex
                0x20000348        0x1 C:\Users\Zen\Documents\gcc-arm-none-eabi-10.3-2021.10\arm-none-eabi\lib\thumb\v6-m\nofp\libc_nano.a(lib_a-lock.o)
                0x20000348                __lock___arc4random_mutex
 .bss.__lock___at_quick_exit_mutex
                0x20000349        0x1 C:\Users\Zen\Documents\gcc-arm-none-eabi-10.3-2021.10\arm-none-eabi\lib\thumb\v6-m\nofp\libc_nano.a(lib_a-lock.o)
                0x20000349                __lock___at_quick_exit_mutex
 .bss.__lock___atexit_recursive_mutex
                0x2000034a        0x1 C:\Users\Zen\Documents\gcc-arm-none-eabi-10.3-2021.10\arm-none-eabi\lib\thumb\v6-m\nofp\libc_nano.a(lib_a-lock.o)
                0x2000034a                __lock___atexit_recursive_mutex
 .bss.__lock___dd_hash_mutex
                0x2000034b        0x1 C:\Users\Zen\Documents\gcc-arm-none-eabi-10.3-2021.10\arm-none-eabi\lib\thumb\v6-m\nofp\libc_nano.a(lib_a-lock.o)
                0x2000034b                __lock___dd_hash_mutex
 .bss.__lock___env_recursive_mutex
                0x2000034c        0x1 C:\Users\Zen\Documents\gcc-arm-none-eabi-10.3-2021.10\arm-none-eabi\lib\thumb\v6-m\nofp\libc_nano.a(lib_a-lock.o)
                0x2000034c                __lock___env_recursive_mutex
 .bss.__lock___malloc_recursive_mutex
                0x2000034d        0x1 C:\Users\Zen\Documents\gcc-arm-none-eabi-10.3-2021.10\arm-none-eabi\lib\thumb\v6-m\nofp\libc_nano.a(lib_a-lock.o)
                0x2000034d                __lock___malloc_recursive_mutex
 .bss.__lock___sfp_recursive_mutex
                0x2000034e        0x1 C:\Users\Zen\Documents\gcc-arm-none-eabi-10.3-2021.10\arm-none-eabi\lib\thumb\v6-m\nofp\libc_nano.a(lib_a-lock.o)
                0x2000034e                __lock___sfp_recursive_mutex
 .bss.__lock___sinit_recursive_mutex
                0x2000034f        0x1 C:\Users\Zen\Documents\gcc-arm-none-eabi-10.3-2021.10\arm-none-eabi\lib\thumb\v6-m\nofp\libc_nano.a(lib_a-lock.o)
                0x2000034f                __lock___sinit_recursive_mutex
 .bss.__lock___tz_mutex
                0x20000350        0x1 C:\Users\Zen\Documents\gcc-arm-none-eabi-10.3-2021.10\arm-none-eabi\lib\thumb\v6-m\nofp\libc_nano.a(lib_a-lock.o)
                0x20000350                __lock___tz_mutex
 .bss           0x20000351        0x0 C:\Users\Zen\Documents\gcc-arm-none-eabi-10.3-2021.10\arm-none-eabi\lib\thumb\v6-m\nofp\libc_nano.a(lib_a-makebuf.o)
 .bss           0x20000351        0x0 C:\Users\Zen\Documents\gcc-arm-none-eabi-10.3-2021.10\arm-none-eabi\lib\thumb\v6-m\nofp\libc_nano.a(lib_a-malloc.o)
 .bss           0x20000351        0x0 C:\Users\Zen\Documents\gcc-arm-none-eabi-10.3-2021.10\arm-none-eabi\lib\thumb\v6-m\nofp\libc_nano.a(lib_a-memchr-stub.o)
 .bss           0x20000351        0x0 C:\Users\Zen\Documents\gcc-arm-none-eabi-10.3-2021.10\arm-none-eabi\lib\thumb\v6-m\nofp\libc_nano.a(lib_a-memcpy-stub.o)
 .bss           0x20000351        0x0 C:\Users\Zen\Documents\gcc-arm-none-eabi-10.3-2021.10\arm-none-eabi\lib\thumb\v6-m\nofp\libc_nano.a(lib_a-memset.o)
 .bss           0x20000351        0x0 C:\Users\Zen\Documents\gcc-arm-none-eabi-10.3-2021.10\arm-none-eabi\lib\thumb\v6-m\nofp\libc_nano.a(lib_a-mprec.o)
 .bss           0x20000351        0x0 C:\Users\Zen\Documents\gcc-arm-none-eabi-10.3-2021.10\arm-none-eabi\lib\thumb\v6-m\nofp\libc_nano.a(lib_a-nano-callocr.o)
 .bss           0x20000351        0x0 C:\Users\Zen\Documents\gcc-arm-none-eabi-10.3-2021.10\arm-none-eabi\lib\thumb\v6-m\nofp\libc_nano.a(lib_a-nano-freer.o)
 .bss           0x20000351        0x0 C:\Users\Zen\Documents\gcc-arm-none-eabi-10.3-2021.10\arm-none-eabi\lib\thumb\v6-m\nofp\libc_nano.a(lib_a-nano-mallocr.o)
 *fill*         0x20000351        0x3 
 .bss.__malloc_free_list
                0x20000354        0x4 C:\Users\Zen\Documents\gcc-arm-none-eabi-10.3-2021.10\arm-none-eabi\lib\thumb\v6-m\nofp\libc_nano.a(lib_a-nano-mallocr.o)
                0x20000354                __malloc_free_list
 .bss.__malloc_sbrk_start
                0x20000358        0x4 C:\Users\Zen\Documents\gcc-arm-none-eabi-10.3-2021.10\arm-none-eabi\lib\thumb\v6-m\nofp\libc_nano.a(lib_a-nano-mallocr.o)
                0x20000358                __malloc_sbrk_start
 .bss           0x2000035c        0x0 C:\Users\Zen\Documents\gcc-arm-none-eabi-10.3-2021.10\arm-none-eabi\lib\thumb\v6-m\nofp\libc_nano.a(lib_a-nano-svfprintf.o)
 .bss           0x2000035c        0x0 C:\Users\Zen\Documents\gcc-arm-none-eabi-10.3-2021.10\arm-none-eabi\lib\thumb\v6-m\nofp\libc_nano.a(lib_a-nano-vfprintf.o)
 .bss           0x2000035c        0x0 C:\Users\Zen\Documents\gcc-arm-none-eabi-10.3-2021.10\arm-none-eabi\lib\thumb\v6-m\nofp\libc_nano.a(lib_a-sbrkr.o)
 .bss           0x2000035c        0x0 C:\Users\Zen\Documents\gcc-arm-none-eabi-10.3-2021.10\arm-none-eabi\lib\thumb\v6-m\nofp\libc_nano.a(lib_a-stdio.o)
 .bss           0x2000035c        0x0 C:\Users\Zen\Documents\gcc-arm-none-eabi-10.3-2021.10\arm-none-eabi\lib\thumb\v6-m\nofp\libc_nano.a(lib_a-writer.o)
 .bss           0x2000035c        0x0 C:\Users\Zen\Documents\gcc-arm-none-eabi-10.3-2021.10\arm-none-eabi\lib\thumb\v6-m\nofp\libc_nano.a(lib_a-assert.o)
 .bss           0x2000035c        0x0 C:\Users\Zen\Documents\gcc-arm-none-eabi-10.3-2021.10\arm-none-eabi\lib\thumb\v6-m\nofp\libc_nano.a(lib_a-closer.o)
 .bss           0x2000035c        0x0 C:\Users\Zen\Documents\gcc-arm-none-eabi-10.3-2021.10\arm-none-eabi\lib\thumb\v6-m\nofp\libc_nano.a(lib_a-fprintf.o)
 .bss           0x2000035c        0x0 C:\Users\Zen\Documents\gcc-arm-none-eabi-10.3-2021.10\arm-none-eabi\lib\thumb\v6-m\nofp\libc_nano.a(lib_a-fstatr.o)
 .bss           0x2000035c        0x0 C:\Users\Zen\Documents\gcc-arm-none-eabi-10.3-2021.10\arm-none-eabi\lib\thumb\v6-m\nofp\libc_nano.a(lib_a-fvwrite.o)
 .bss           0x2000035c        0x0 C:\Users\Zen\Documents\gcc-arm-none-eabi-10.3-2021.10\arm-none-eabi\lib\thumb\v6-m\nofp\libc_nano.a(lib_a-isattyr.o)
 .bss           0x2000035c        0x0 C:\Users\Zen\Documents\gcc-arm-none-eabi-10.3-2021.10\arm-none-eabi\lib\thumb\v6-m\nofp\libc_nano.a(lib_a-locale.o)
 .bss._PathLocale
                0x2000035c        0x4 C:\Users\Zen\Documents\gcc-arm-none-eabi-10.3-2021.10\arm-none-eabi\lib\thumb\v6-m\nofp\libc_nano.a(lib_a-locale.o)
                0x2000035c                _PathLocale
 .bss           0x20000360        0x0 C:\Users\Zen\Documents\gcc-arm-none-eabi-10.3-2021.10\arm-none-eabi\lib\thumb\v6-m\nofp\libc_nano.a(lib_a-lseekr.o)
 .bss           0x20000360        0x0 C:\Users\Zen\Documents\gcc-arm-none-eabi-10.3-2021.10\arm-none-eabi\lib\thumb\v6-m\nofp\libc_nano.a(lib_a-mbtowc_r.o)
 .bss           0x20000360        0x0 C:\Users\Zen\Documents\gcc-arm-none-eabi-10.3-2021.10\arm-none-eabi\lib\thumb\v6-m\nofp\libc_nano.a(lib_a-memmove.o)
 .bss           0x20000360        0x0 C:\Users\Zen\Documents\gcc-arm-none-eabi-10.3-2021.10\arm-none-eabi\lib\thumb\v6-m\nofp\libc_nano.a(lib_a-mlock.o)
 .bss           0x20000360        0x0 C:\Users\Zen\Documents\gcc-arm-none-eabi-10.3-2021.10\arm-none-eabi\lib\thumb\v6-m\nofp\libc_nano.a(lib_a-nano-reallocr.o)
 .bss           0x20000360        0x0 C:\Users\Zen\Documents\gcc-arm-none-eabi-10.3-2021.10\arm-none-eabi\lib\thumb\v6-m\nofp\libc_nano.a(lib_a-readr.o)
 .bss           0x20000360        0x0 C:\Users\Zen\Documents\gcc-arm-none-eabi-10.3-2021.10\arm-none-eabi\lib\thumb\v6-m\nofp\libc_nano.a(lib_a-strcmp.o)
 .bss           0x20000360        0x0 C:\Users\Zen\Documents\gcc-arm-none-eabi-10.3-2021.10\arm-none-eabi\lib\thumb\v6-m\nofp\libc_nano.a(lib_a-wctomb_r.o)
 .bss           0x20000360        0x0 C:\Users\Zen\Documents\gcc-arm-none-eabi-10.3-2021.10\arm-none-eabi\lib\thumb\v6-m\nofp\libc_nano.a(lib_a-abort.o)
 .bss           0x20000360        0x0 C:\Users\Zen\Documents\gcc-arm-none-eabi-10.3-2021.10\arm-none-eabi\lib\thumb\v6-m\nofp\libc_nano.a(lib_a-ctype_.o)
 .bss           0x20000360        0x0 C:\Users\Zen\Documents\gcc-arm-none-eabi-10.3-2021.10\arm-none-eabi\lib\thumb\v6-m\nofp\libc_nano.a(lib_a-nano-msizer.o)
 .bss           0x20000360        0x0 C:\Users\Zen\Documents\gcc-arm-none-eabi-10.3-2021.10\arm-none-eabi\lib\thumb\v6-m\nofp\libc_nano.a(lib_a-signal.o)
 .bss           0x20000360        0x0 C:\Users\Zen\Documents\gcc-arm-none-eabi-10.3-2021.10\arm-none-eabi\lib\thumb\v6-m\nofp\libc_nano.a(lib_a-signalr.o)
 .bss           0x20000360        0x0 C:\Users\Zen\Documents\gcc-arm-none-eabi-10.3-2021.10\lib\gcc\arm-none-eabi\10.3.1\thumb\v6-m\nofp\libgcc.a(_thumb1_case_uqi.o)
 .bss           0x20000360        0x0 C:\Users\Zen\Documents\gcc-arm-none-eabi-10.3-2021.10\lib\gcc\arm-none-eabi\10.3.1\thumb\v6-m\nofp\libgcc.a(_thumb1_case_shi.o)
 .bss           0x20000360        0x0 C:\Users\Zen\Documents\gcc-arm-none-eabi-10.3-2021.10\lib\gcc\arm-none-eabi\10.3.1\thumb\v6-m\nofp\libgcc.a(_udivsi3.o)
 .bss           0x20000360        0x0 C:\Users\Zen\Documents\gcc-arm-none-eabi-10.3-2021.10\lib\gcc\arm-none-eabi\10.3.1\thumb\v6-m\nofp\libgcc.a(_arm_cmpdf2.o)
 .bss           0x20000360        0x0 C:\Users\Zen\Documents\gcc-arm-none-eabi-10.3-2021.10\lib\gcc\arm-none-eabi\10.3.1\thumb\v6-m\nofp\libgcc.a(adddf3.o)
 .bss           0x20000360        0x0 C:\Users\Zen\Documents\gcc-arm-none-eabi-10.3-2021.10\lib\gcc\arm-none-eabi\10.3.1\thumb\v6-m\nofp\libgcc.a(divdf3.o)
 .bss           0x20000360        0x0 C:\Users\Zen\Documents\gcc-arm-none-eabi-10.3-2021.10\lib\gcc\arm-none-eabi\10.3.1\thumb\v6-m\nofp\libgcc.a(eqdf2.o)
 .bss           0x20000360        0x0 C:\Users\Zen\Documents\gcc-arm-none-eabi-10.3-2021.10\lib\gcc\arm-none-eabi\10.3.1\thumb\v6-m\nofp\libgcc.a(gedf2.o)
 .bss           0x20000360        0x0 C:\Users\Zen\Documents\gcc-arm-none-eabi-10.3-2021.10\lib\gcc\arm-none-eabi\10.3.1\thumb\v6-m\nofp\libgcc.a(ledf2.o)
 .bss           0x20000360        0x0 C:\Users\Zen\Documents\gcc-arm-none-eabi-10.3-2021.10\lib\gcc\arm-none-eabi\10.3.1\thumb\v6-m\nofp\libgcc.a(muldf3.o)
 .bss           0x20000360        0x0 C:\Users\Zen\Documents\gcc-arm-none-eabi-10.3-2021.10\lib\gcc\arm-none-eabi\10.3.1\thumb\v6-m\nofp\libgcc.a(subdf3.o)
 .bss           0x20000360        0x0 C:\Users\Zen\Documents\gcc-arm-none-eabi-10.3-2021.10\lib\gcc\arm-none-eabi\10.3.1\thumb\v6-m\nofp\libgcc.a(unorddf2.o)
 .bss           0x20000360        0x0 C:\Users\Zen\Documents\gcc-arm-none-eabi-10.3-2021.10\lib\gcc\arm-none-eabi\10.3.1\thumb\v6-m\nofp\libgcc.a(fixdfsi.o)
 .bss           0x20000360        0x0 C:\Users\Zen\Documents\gcc-arm-none-eabi-10.3-2021.10\lib\gcc\arm-none-eabi\10.3.1\thumb\v6-m\nofp\libgcc.a(floatsidf.o)
 .bss           0x20000360        0x0 C:\Users\Zen\Documents\gcc-arm-none-eabi-10.3-2021.10\lib\gcc\arm-none-eabi\10.3.1\thumb\v6-m\nofp\libgcc.a(floatunsidf.o)
 *(COMMON)
                0x20000360                . = ALIGN (0x4)
                0x20000360                _ebss = .
                [!provide]                PROVIDE (end = .)
                0x20000360                PROVIDE (_HeapStart = .)
                0x20002000                PROVIDE (_StackTop = (ORIGIN (ram) + LENGTH (ram)))
OUTPUT(build/main.elf elf32-littlearm)
LOAD linker stubs

.debug_info     0x00000000     0x2bd1
 .debug_info    0x00000000      0xdb9 build/main.o
 .debug_info    0x00000db9      0x2e5 build/lcd.o
 .debug_info    0x0000109e      0x82b build/serial.o
 .debug_info    0x000018c9      0x3a1 build/startup.o
 .debug_info    0x00001c6a      0x724 build/newlib_stubs.o
 .debug_info    0x0000238e      0x843 build/UART2.o

.debug_abbrev   0x00000000      0xa8a
 .debug_abbrev  0x00000000      0x24a build/main.o
 .debug_abbrev  0x0000024a      0x125 build/lcd.o
 .debug_abbrev  0x0000036f      0x1f5 build/serial.o
 .debug_abbrev  0x00000564      0x1a5 build/startup.o
 .debug_abbrev  0x00000709      0x17b build/newlib_stubs.o
 .debug_abbrev  0x00000884      0x206 build/UART2.o

.debug_aranges  0x00000000       0xc8
 .debug_aranges
                0x00000000       0x20 build/main.o
 .debug_aranges
                0x00000020       0x20 build/lcd.o
 .debug_aranges
                0x00000040       0x20 build/serial.o
 .debug_aranges
                0x00000060       0x28 build/startup.o
 .debug_aranges
                0x00000088       0x20 build/newlib_stubs.o
 .debug_aranges
                0x000000a8       0x20 build/UART2.o

.debug_ranges   0x00000000       0x38
 .debug_ranges  0x00000000       0x20 build/main.o
 .debug_ranges  0x00000020       0x18 build/startup.o

.debug_line     0x00000000     0x15ac
 .debug_line    0x00000000      0x4ab build/main.o
 .debug_line    0x000004ab      0x2d9 build/lcd.o
 .debug_line    0x00000784      0x49a build/serial.o
 .debug_line    0x00000c1e      0x26b build/startup.o
 .debug_line    0x00000e89      0x29b build/newlib_stubs.o
 .debug_line    0x00001124      0x488 build/UART2.o

.debug_str      0x00000000      0xd87
 .debug_str     0x00000000      0x7b9 build/main.o
                                0x85e (size before relaxing)
 .debug_str     0x000007b9       0x7a build/lcd.o
                                0x1ec (size before relaxing)
 .debug_str     0x00000833      0x154 build/serial.o
                                0x391 (size before relaxing)
 .debug_str     0x00000987       0xf0 build/startup.o
                                0x2be (size before relaxing)
 .debug_str     0x00000a77      0x227 build/newlib_stubs.o
                                0x3b7 (size before relaxing)
 .debug_str     0x00000c9e       0xe9 build/UART2.o
                                0x3b0 (size before relaxing)

.comment        0x00000000       0x49
 .comment       0x00000000       0x49 build/main.o
                                 0x4a (size before relaxing)
 .comment       0x00000049       0x4a build/lcd.o
 .comment       0x00000049       0x4a build/serial.o
 .comment       0x00000049       0x4a build/startup.o
 .comment       0x00000049       0x4a build/newlib_stubs.o
 .comment       0x00000049       0x4a build/UART2.o

.ARM.attributes
                0x00000000       0x2a
 .ARM.attributes
                0x00000000       0x2c build/main.o
 .ARM.attributes
                0x0000002c       0x2c build/lcd.o
 .ARM.attributes
                0x00000058       0x2c build/serial.o
 .ARM.attributes
                0x00000084       0x2c build/startup.o
 .ARM.attributes
                0x000000b0       0x2c build/newlib_stubs.o
 .ARM.attributes
                0x000000dc       0x2c build/UART2.o
 .ARM.attributes
                0x00000108       0x2c C:\Users\Zen\Documents\gcc-arm-none-eabi-10.3-2021.10\arm-none-eabi\lib\thumb\v6-m\nofp\libnosys.a(errno.o)
 .ARM.attributes
                0x00000134       0x1e C:\Users\Zen\Documents\gcc-arm-none-eabi-10.3-2021.10\lib\gcc\arm-none-eabi\10.3.1\thumb\v6-m\nofp\libgcc.a(_divsi3.o)
 .ARM.attributes
                0x00000152       0x1e C:\Users\Zen\Documents\gcc-arm-none-eabi-10.3-2021.10\lib\gcc\arm-none-eabi\10.3.1\thumb\v6-m\nofp\libgcc.a(_dvmd_tls.o)
 .ARM.attributes
                0x00000170       0x2c C:\Users\Zen\Documents\gcc-arm-none-eabi-10.3-2021.10\lib\gcc\arm-none-eabi\10.3.1\thumb\v6-m\nofp\libgcc.a(divsf3.o)
 .ARM.attributes
                0x0000019c       0x2c C:\Users\Zen\Documents\gcc-arm-none-eabi-10.3-2021.10\lib\gcc\arm-none-eabi\10.3.1\thumb\v6-m\nofp\libgcc.a(mulsf3.o)
 .ARM.attributes
                0x000001c8       0x2c C:\Users\Zen\Documents\gcc-arm-none-eabi-10.3-2021.10\lib\gcc\arm-none-eabi\10.3.1\thumb\v6-m\nofp\libgcc.a(floatsisf.o)
 .ARM.attributes
                0x000001f4       0x2c C:\Users\Zen\Documents\gcc-arm-none-eabi-10.3-2021.10\lib\gcc\arm-none-eabi\10.3.1\thumb\v6-m\nofp\libgcc.a(extendsfdf2.o)
 .ARM.attributes
                0x00000220       0x1e C:\Users\Zen\Documents\gcc-arm-none-eabi-10.3-2021.10\lib\gcc\arm-none-eabi\10.3.1\thumb\v6-m\nofp\libgcc.a(_clzsi2.o)
 .ARM.attributes
                0x0000023e       0x2c C:\Users\Zen\Documents\gcc-arm-none-eabi-10.3-2021.10\arm-none-eabi\lib\thumb\v6-m\nofp\libc_nano.a(lib_a-nano-vfprintf_float.o)
 .ARM.attributes
                0x0000026a       0x2c C:\Users\Zen\Documents\gcc-arm-none-eabi-10.3-2021.10\arm-none-eabi\lib\thumb\v6-m\nofp\libc_nano.a(lib_a-nano-vfprintf_i.o)
 .ARM.attributes
                0x00000296       0x2c C:\Users\Zen\Documents\gcc-arm-none-eabi-10.3-2021.10\arm-none-eabi\lib\thumb\v6-m\nofp\libc_nano.a(lib_a-printf.o)
 .ARM.attributes
                0x000002c2       0x2c C:\Users\Zen\Documents\gcc-arm-none-eabi-10.3-2021.10\arm-none-eabi\lib\thumb\v6-m\nofp\libc_nano.a(lib_a-puts.o)
 .ARM.attributes
                0x000002ee       0x2c C:\Users\Zen\Documents\gcc-arm-none-eabi-10.3-2021.10\arm-none-eabi\lib\thumb\v6-m\nofp\libc_nano.a(lib_a-sprintf.o)
 .ARM.attributes
                0x0000031a       0x1c C:\Users\Zen\Documents\gcc-arm-none-eabi-10.3-2021.10\arm-none-eabi\lib\thumb\v6-m\nofp\libc_nano.a(lib_a-strlen.o)
 .ARM.attributes
                0x00000336       0x2c C:\Users\Zen\Documents\gcc-arm-none-eabi-10.3-2021.10\arm-none-eabi\lib\thumb\v6-m\nofp\libc_nano.a(lib_a-wbuf.o)
 .ARM.attributes
                0x00000362       0x2c C:\Users\Zen\Documents\gcc-arm-none-eabi-10.3-2021.10\arm-none-eabi\lib\thumb\v6-m\nofp\libc_nano.a(lib_a-wsetup.o)
 .ARM.attributes
                0x0000038e       0x2c C:\Users\Zen\Documents\gcc-arm-none-eabi-10.3-2021.10\arm-none-eabi\lib\thumb\v6-m\nofp\libc_nano.a(lib_a-dtoa.o)
 .ARM.attributes
                0x000003ba       0x2c C:\Users\Zen\Documents\gcc-arm-none-eabi-10.3-2021.10\arm-none-eabi\lib\thumb\v6-m\nofp\libc_nano.a(lib_a-fflush.o)
 .ARM.attributes
                0x000003e6       0x2c C:\Users\Zen\Documents\gcc-arm-none-eabi-10.3-2021.10\arm-none-eabi\lib\thumb\v6-m\nofp\libc_nano.a(lib_a-findfp.o)
 .ARM.attributes
                0x00000412       0x2c C:\Users\Zen\Documents\gcc-arm-none-eabi-10.3-2021.10\arm-none-eabi\lib\thumb\v6-m\nofp\libc_nano.a(lib_a-fwalk.o)
 .ARM.attributes
                0x0000043e       0x2c C:\Users\Zen\Documents\gcc-arm-none-eabi-10.3-2021.10\arm-none-eabi\lib\thumb\v6-m\nofp\libc_nano.a(lib_a-impure.o)
 .ARM.attributes
                0x0000046a       0x2c C:\Users\Zen\Documents\gcc-arm-none-eabi-10.3-2021.10\arm-none-eabi\lib\thumb\v6-m\nofp\libc_nano.a(lib_a-localeconv.o)
 .ARM.attributes
                0x00000496       0x2c C:\Users\Zen\Documents\gcc-arm-none-eabi-10.3-2021.10\arm-none-eabi\lib\thumb\v6-m\nofp\libc_nano.a(lib_a-lock.o)
 .ARM.attributes
                0x000004c2       0x2c C:\Users\Zen\Documents\gcc-arm-none-eabi-10.3-2021.10\arm-none-eabi\lib\thumb\v6-m\nofp\libc_nano.a(lib_a-makebuf.o)
 .ARM.attributes
                0x000004ee       0x2c C:\Users\Zen\Documents\gcc-arm-none-eabi-10.3-2021.10\arm-none-eabi\lib\thumb\v6-m\nofp\libc_nano.a(lib_a-malloc.o)
 .ARM.attributes
                0x0000051a       0x2c C:\Users\Zen\Documents\gcc-arm-none-eabi-10.3-2021.10\arm-none-eabi\lib\thumb\v6-m\nofp\libc_nano.a(lib_a-memchr-stub.o)
 .ARM.attributes
                0x00000546       0x2c C:\Users\Zen\Documents\gcc-arm-none-eabi-10.3-2021.10\arm-none-eabi\lib\thumb\v6-m\nofp\libc_nano.a(lib_a-memcpy-stub.o)
 .ARM.attributes
                0x00000572       0x2c C:\Users\Zen\Documents\gcc-arm-none-eabi-10.3-2021.10\arm-none-eabi\lib\thumb\v6-m\nofp\libc_nano.a(lib_a-memset.o)
 .ARM.attributes
                0x0000059e       0x2c C:\Users\Zen\Documents\gcc-arm-none-eabi-10.3-2021.10\arm-none-eabi\lib\thumb\v6-m\nofp\libc_nano.a(lib_a-mprec.o)
 .ARM.attributes
                0x000005ca       0x2c C:\Users\Zen\Documents\gcc-arm-none-eabi-10.3-2021.10\arm-none-eabi\lib\thumb\v6-m\nofp\libc_nano.a(lib_a-nano-callocr.o)
 .ARM.attributes
                0x000005f6       0x2c C:\Users\Zen\Documents\gcc-arm-none-eabi-10.3-2021.10\arm-none-eabi\lib\thumb\v6-m\nofp\libc_nano.a(lib_a-nano-freer.o)
 .ARM.attributes
                0x00000622       0x2c C:\Users\Zen\Documents\gcc-arm-none-eabi-10.3-2021.10\arm-none-eabi\lib\thumb\v6-m\nofp\libc_nano.a(lib_a-nano-mallocr.o)
 .ARM.attributes
                0x0000064e       0x2c C:\Users\Zen\Documents\gcc-arm-none-eabi-10.3-2021.10\arm-none-eabi\lib\thumb\v6-m\nofp\libc_nano.a(lib_a-nano-svfprintf.o)
 .ARM.attributes
                0x0000067a       0x2c C:\Users\Zen\Documents\gcc-arm-none-eabi-10.3-2021.10\arm-none-eabi\lib\thumb\v6-m\nofp\libc_nano.a(lib_a-nano-vfprintf.o)
 .ARM.attributes
                0x000006a6       0x2c C:\Users\Zen\Documents\gcc-arm-none-eabi-10.3-2021.10\arm-none-eabi\lib\thumb\v6-m\nofp\libc_nano.a(lib_a-sbrkr.o)
 .ARM.attributes
                0x000006d2       0x2c C:\Users\Zen\Documents\gcc-arm-none-eabi-10.3-2021.10\arm-none-eabi\lib\thumb\v6-m\nofp\libc_nano.a(lib_a-stdio.o)
 .ARM.attributes
                0x000006fe       0x2c C:\Users\Zen\Documents\gcc-arm-none-eabi-10.3-2021.10\arm-none-eabi\lib\thumb\v6-m\nofp\libc_nano.a(lib_a-writer.o)
 .ARM.attributes
                0x0000072a       0x2c C:\Users\Zen\Documents\gcc-arm-none-eabi-10.3-2021.10\arm-none-eabi\lib\thumb\v6-m\nofp\libc_nano.a(lib_a-assert.o)
 .ARM.attributes
                0x00000756       0x2c C:\Users\Zen\Documents\gcc-arm-none-eabi-10.3-2021.10\arm-none-eabi\lib\thumb\v6-m\nofp\libc_nano.a(lib_a-closer.o)
 .ARM.attributes
                0x00000782       0x2c C:\Users\Zen\Documents\gcc-arm-none-eabi-10.3-2021.10\arm-none-eabi\lib\thumb\v6-m\nofp\libc_nano.a(lib_a-fprintf.o)
 .ARM.attributes
                0x000007ae       0x2c C:\Users\Zen\Documents\gcc-arm-none-eabi-10.3-2021.10\arm-none-eabi\lib\thumb\v6-m\nofp\libc_nano.a(lib_a-fstatr.o)
 .ARM.attributes
                0x000007da       0x2c C:\Users\Zen\Documents\gcc-arm-none-eabi-10.3-2021.10\arm-none-eabi\lib\thumb\v6-m\nofp\libc_nano.a(lib_a-fvwrite.o)
 .ARM.attributes
                0x00000806       0x2c C:\Users\Zen\Documents\gcc-arm-none-eabi-10.3-2021.10\arm-none-eabi\lib\thumb\v6-m\nofp\libc_nano.a(lib_a-isattyr.o)
 .ARM.attributes
                0x00000832       0x2c C:\Users\Zen\Documents\gcc-arm-none-eabi-10.3-2021.10\arm-none-eabi\lib\thumb\v6-m\nofp\libc_nano.a(lib_a-locale.o)
 .ARM.attributes
                0x0000085e       0x2c C:\Users\Zen\Documents\gcc-arm-none-eabi-10.3-2021.10\arm-none-eabi\lib\thumb\v6-m\nofp\libc_nano.a(lib_a-lseekr.o)
 .ARM.attributes
                0x0000088a       0x2c C:\Users\Zen\Documents\gcc-arm-none-eabi-10.3-2021.10\arm-none-eabi\lib\thumb\v6-m\nofp\libc_nano.a(lib_a-mbtowc_r.o)
 .ARM.attributes
                0x000008b6       0x2c C:\Users\Zen\Documents\gcc-arm-none-eabi-10.3-2021.10\arm-none-eabi\lib\thumb\v6-m\nofp\libc_nano.a(lib_a-memmove.o)
 .ARM.attributes
                0x000008e2       0x2c C:\Users\Zen\Documents\gcc-arm-none-eabi-10.3-2021.10\arm-none-eabi\lib\thumb\v6-m\nofp\libc_nano.a(lib_a-mlock.o)
 .ARM.attributes
                0x0000090e       0x2c C:\Users\Zen\Documents\gcc-arm-none-eabi-10.3-2021.10\arm-none-eabi\lib\thumb\v6-m\nofp\libc_nano.a(lib_a-nano-reallocr.o)
 .ARM.attributes